[1m[31m(node:29452) [DEP0169] DeprecationWarning: `url.parse()` behavior is not standardized and prone to errors that have security implications. Use the WHATWG URL API instead. CVEs are not issued for `url.parse()` vulnerabilities.
(Use `node --trace-deprecation ...` to show where the warning was created)[39m[22m
[1m[33mWarning: 'outputHashing' option is disabled when using the dev-server.[39m[22m
- Generating browser application bundles (phase: setup)...
[1m[33m    TypeScript compiler options "target" and "useDefineForClassFields" are set to "ES2022" and "false" respectively by the Angular CLI. To control ECMA version and features use the Browserslist configuration. For more information, see https://angular.dev/tools/cli/build#configuring-browser-compatibility
    NOTE: You can set the "target" to "ES2022" in the project's tsconfig to remove this warning.[39m[22m
[1m[33m    TypeScript compiler options "target" and "useDefineForClassFields" are set to "ES2022" and "false" respectively by the Angular CLI. To control ECMA version and features use the Browserslist configuration. For more information, see https://angular.dev/tools/cli/build#configuring-browser-compatibility
    NOTE: You can set the "target" to "ES2022" in the project's tsconfig to remove this warning.[39m[22m
√ Browser application bundle generation complete.
[1m[33m
./websrc/app/core/systemPrepare/systemPrepare.scss - Warning: Module Warning (from ./node_modules/sass-loader/dist/cjs.js):
Deprecation Warning on line 18, column 67 of file:///D:/vscode/nv/manager/admin/webapp/websrc/app/core/systemPrepare/systemPrepare.scss:18:67:
Global built-in functions are deprecated and will be removed in Dart Sass 3.0.0.
Use color.adjust instead.

More info and automated migrator: https://sass-lang.com/d/import

18 |   background-image: linear-gradient(90deg, $system-prepare-bg 10%, darken($system-prepare-bg, 5%) 90%); /* W3C */


websrc\app\core\systemPrepare\systemPrepare.scss 19:68  root stylesheet


./websrc/app/core/systemPrepare/systemPrepare.scss - Warning: Module Warning (from ./node_modules/sass-loader/dist/cjs.js):
Deprecation Warning on line 18, column 67 of file:///D:/vscode/nv/manager/admin/webapp/websrc/app/core/systemPrepare/systemPrepare.scss:18:67:
darken() is deprecated. Suggestions:

color.scale($color, $lightness: -34.4594594595%)
color.adjust($color, $lightness: -5%)

More info: https://sass-lang.com/d/color-functions

18 |   background-image: linear-gradient(90deg, $system-prepare-bg 10%, darken($system-prepare-bg, 5%) 90%); /* W3C */


websrc\app\core\systemPrepare\systemPrepare.scss 19:68  root stylesheet


./websrc/app/core/systemPrepare/systemPrepare.scss - Warning: Module Warning (from ./node_modules/sass-loader/dist/cjs.js):
Deprecation Warning on line 19, column 75 of file:///D:/vscode/nv/manager/admin/webapp/websrc/app/core/systemPrepare/systemPrepare.scss:19:75:
Global built-in functions are deprecated and will be removed in Dart Sass 3.0.0.
Use color.adjust instead.

More info and automated migrator: https://sass-lang.com/d/import

19 |   background-image: -webkit-linear-gradient(90deg, $system-prepare-bg 10%, darken($system-prepare-bg, 5%) 90%); /* Chrome 10+, Saf5.1+ */


websrc\app\core\systemPrepare\systemPrepare.scss 20:76  root stylesheet


./websrc/app/core/systemPrepare/systemPrepare.scss - Warning: Module Warning (from ./node_modules/sass-loader/dist/cjs.js):
Deprecation Warning on line 19, column 75 of file:///D:/vscode/nv/manager/admin/webapp/websrc/app/core/systemPrepare/systemPrepare.scss:19:75:
darken() is deprecated. Suggestions:

color.scale($color, $lightness: -34.4594594595%)
color.adjust($color, $lightness: -5%)

More info: https://sass-lang.com/d/color-functions

19 |   background-image: -webkit-linear-gradient(90deg, $system-prepare-bg 10%, darken($system-prepare-bg, 5%) 90%); /* Chrome 10+, Saf5.1+ */


websrc\app\core\systemPrepare\systemPrepare.scss 20:76  root stylesheet


./websrc/app/core/systemPrepare/systemPrepare.scss - Warning: Module Warning (from ./node_modules/sass-loader/dist/cjs.js):
Deprecation Warning on line 20, column 72 of file:///D:/vscode/nv/manager/admin/webapp/websrc/app/core/systemPrepare/systemPrepare.scss:20:72:
darken() is deprecated. Suggestions:

color.scale($color, $lightness: -34.4594594595%)
color.adjust($color, $lightness: -5%)

More info: https://sass-lang.com/d/color-functions

20 |   background-image: -moz-linear-gradient(90deg, $system-prepare-bg 10%, darken($system-prepare-bg, 5%) 90%); /* FF3.6+ */


websrc\app\core\systemPrepare\systemPrepare.scss 21:73  root stylesheet


./websrc/app/core/systemPrepare/systemPrepare.scss - Warning: Module Warning (from ./node_modules/sass-loader/dist/cjs.js):
Deprecation Warning on line 21, column 70 of file:///D:/vscode/nv/manager/admin/webapp/websrc/app/core/systemPrepare/systemPrepare.scss:21:70:
darken() is deprecated. Suggestions:

color.scale($color, $lightness: -34.4594594595%)
color.adjust($color, $lightness: -5%)

More info: https://sass-lang.com/d/color-functions

21 |   background-image: -o-linear-gradient(90deg, $system-prepare-bg 10%, darken($system-prepare-bg, 5%) 90%); /* Opera 11.10+ */


websrc\app\core\systemPrepare\systemPrepare.scss 22:71  root stylesheet


./websrc/app/core/systemPrepare/systemPrepare.scss - Warning: Module Warning (from ./node_modules/sass-loader/dist/cjs.js):
Deprecation Warning on line 22, column 71 of file:///D:/vscode/nv/manager/admin/webapp/websrc/app/core/systemPrepare/systemPrepare.scss:22:71:
darken() is deprecated. Suggestions:

color.scale($color, $lightness: -34.4594594595%)
color.adjust($color, $lightness: -5%)

More info: https://sass-lang.com/d/color-functions

22 |   background-image: -ms-linear-gradient(90deg, $system-prepare-bg 10%, darken($system-prepare-bg, 5%) 90%); /* IE10 */


websrc\app\core\systemPrepare\systemPrepare.scss 23:72  root stylesheet


./websrc/app/core/systemPrepare/systemPrepare.scss - Warning: Module Warning (from ./node_modules/sass-loader/dist/cjs.js):
Deprecation Warning on line 209, column 23 of file:///D:/vscode/nv/manager/admin/webapp/websrc/app/common/styles/app/variables.scss:209:23:
Global built-in functions are deprecated and will be removed in Dart Sass 3.0.0.
Use math.floor instead.

More info and automated migrator: https://sass-lang.com/d/import

209 | $line-height-computed: floor(($font-size-base * $line-height-base)) !default;


websrc\app\common\styles\app\variables.scss 210:24    @use
websrc\app\core\systemPrepare\systemPrepare.scss 5:1  root stylesheet


./websrc/app/core/systemPrepare/systemPrepare.scss - Warning: Module Warning (from ./node_modules/sass-loader/dist/cjs.js):
Deprecation Warning on line 215, column 2 of file:///D:/vscode/nv/manager/admin/webapp/websrc/app/common/styles/app/variables.scss:215:2:
Global built-in functions are deprecated and will be removed in Dart Sass 3.0.0.
Use math.ceil instead.

More info and automated migrator: https://sass-lang.com/d/import

215 |   ceil($font-size-lg * $line-height-large) + ($padding-large-vertical * 2) + 2


websrc\app\common\styles\app\variables.scss 216:3     @use
websrc\app\core\systemPrepare\systemPrepare.scss 5:1  root stylesheet


./websrc/app/core/systemPrepare/systemPrepare.scss - Warning: Module Warning (from ./node_modules/sass-loader/dist/cjs.js):
Deprecation Warning on line 219, column 2 of file:///D:/vscode/nv/manager/admin/webapp/websrc/app/common/styles/app/variables.scss:219:2:
Global built-in functions are deprecated and will be removed in Dart Sass 3.0.0.
Use math.floor instead.

More info and automated migrator: https://sass-lang.com/d/import

219 |   floor($font-size-sm * $line-height-small) + ($padding-small-vertical * 2) + 2


websrc\app\common\styles\app\variables.scss 220:3     @use
websrc\app\core\systemPrepare\systemPrepare.scss 5:1  root stylesheet


./websrc/app/core/systemPrepare/systemPrepare.scss - Warning: Module Warning (from ./node_modules/sass-loader/dist/cjs.js):
3 repetitive deprecation warnings omitted.
Run in verbose mode to see all warnings.

./websrc/styles.scss - Warning: Module Warning (from ./node_modules/sass-loader/dist/cjs.js):
Angular Material themes should be created from a map containing the keys "color", "typography", and "density". The color value should be a map containing the palette values for "primary", "accent", and "warn". See https://material.angular.dev/guide/theming for more information.

node_modules\@angular\material\core\m2\_theming.scss 177:5   -define-theme()
node_modules\@angular\material\core\m2\_theming.scss 235:11  define-light-theme()
websrc\material-theme.scss 74:9                              @use
websrc\styles.scss 4:1                                       root stylesheet


./websrc/styles.scss - Warning: Module Warning (from ./node_modules/sass-loader/dist/cjs.js):
Deprecation Warning on line 1, column 26 of file:///D:/vscode/nv/manager/admin/webapp/websrc/app/common/styles/app/offsidebar.scss:1:26:
Global built-in functions are deprecated and will be removed in Dart Sass 3.0.0.
Use color.grayscale instead.

More info and automated migrator: https://sass-lang.com/d/import

1 | $offsidebar-border-color: grayscale(darken($offsidebar-bg, 20%));


websrc\app\common\styles\app\offsidebar.scss 2:27  @import
websrc\app\common\styles\app.scss 34:9             @import
websrc\styles.scss 14:9                            root stylesheet


./websrc/styles.scss - Warning: Module Warning (from ./node_modules/sass-loader/dist/cjs.js):
Deprecation Warning on line 1, column 36 of file:///D:/vscode/nv/manager/admin/webapp/websrc/app/common/styles/app/offsidebar.scss:1:36:
Global built-in functions are deprecated and will be removed in Dart Sass 3.0.0.
Use color.adjust instead.

More info and automated migrator: https://sass-lang.com/d/import

1 | $offsidebar-border-color: grayscale(darken($offsidebar-bg, 20%));


websrc\app\common\styles\app\offsidebar.scss 2:37  @import
websrc\app\common\styles\app.scss 34:9             @import
websrc\styles.scss 14:9                            root stylesheet


./websrc/styles.scss - Warning: Module Warning (from ./node_modules/sass-loader/dist/cjs.js):
Deprecation Warning on line 1, column 36 of file:///D:/vscode/nv/manager/admin/webapp/websrc/app/common/styles/app/offsidebar.scss:1:36:
darken() is deprecated. Suggestions:

color.scale($color, $lightness: -20%)
color.adjust($color, $lightness: -20%)

More info: https://sass-lang.com/d/color-functions

1 | $offsidebar-border-color: grayscale(darken($offsidebar-bg, 20%));


websrc\app\common\styles\app\offsidebar.scss 2:37  @import
websrc\app\common\styles\app.scss 34:9             @import
websrc\styles.scss 14:9                            root stylesheet


./websrc/styles.scss - Warning: Module Warning (from ./node_modules/sass-loader/dist/cjs.js):
Deprecation Warning on line 9, column 8 of file:///D:/vscode/nv/manager/admin/webapp/websrc/app/common/styles/app.scss:9:8:
Sass @import rules are deprecated and will be removed in Dart Sass 3.0.0.

More info and automated migrator: https://sass-lang.com/d/import

9 | @import 'googleapis/material_icons';


websrc\app\common\styles\app.scss 10:9  @import
websrc\styles.scss 14:9                 root stylesheet


./websrc/styles.scss - Warning: Module Warning (from ./node_modules/sass-loader/dist/cjs.js):
Deprecation Warning on line 10, column 8 of file:///D:/vscode/nv/manager/admin/webapp/websrc/app/common/styles/app.scss:10:8:
Sass @import rules are deprecated and will be removed in Dart Sass 3.0.0.

More info and automated migrator: https://sass-lang.com/d/import

10 | @import 'googleapis/lato';


websrc\app\common\styles\app.scss 11:9  @import
websrc\styles.scss 14:9                 root stylesheet


./websrc/styles.scss - Warning: Module Warning (from ./node_modules/sass-loader/dist/cjs.js):
Deprecation Warning on line 11, column 8 of file:///D:/vscode/nv/manager/admin/webapp/websrc/app/common/styles/app.scss:11:8:
Sass @import rules are deprecated and will be removed in Dart Sass 3.0.0.

More info and automated migrator: https://sass-lang.com/d/import

11 | @import 'googleapis/poppins';


websrc\app\common\styles\app.scss 12:9  @import
websrc\styles.scss 14:9                 root stylesheet


./websrc/styles.scss - Warning: Module Warning (from ./node_modules/sass-loader/dist/cjs.js):
Deprecation Warning on line 13, column 8 of file:///D:/vscode/nv/manager/admin/webapp/websrc/styles.scss:13:8:
Sass @import rules are deprecated and will be removed in Dart Sass 3.0.0.

More info and automated migrator: https://sass-lang.com/d/import

13 | @import "./app/common/styles/app.scss";


websrc\styles.scss 14:9  root stylesheet


./websrc/styles.scss - Warning: Module Warning (from ./node_modules/sass-loader/dist/cjs.js):
Deprecation Warning on line 22, column 8 of file:///D:/vscode/nv/manager/admin/webapp/websrc/styles.scss:22:8:
Sass @import rules are deprecated and will be removed in Dart Sass 3.0.0.

More info and automated migrator: https://sass-lang.com/d/import

22 | @import "ngx-toastr/toastr";


websrc\styles.scss 23:9  root stylesheet


./websrc/styles.scss - Warning: Module Warning (from ./node_modules/sass-loader/dist/cjs.js):
Deprecation Warning on line 25, column 24 of file:///D:/vscode/nv/manager/admin/webapp/websrc/app/common/styles/app/badge.scss:25:24:
darken() is deprecated. Suggestions:

color.scale($color, $lightness: -18.4115523466%)
color.adjust($color, $lightness: -10%)

More info: https://sass-lang.com/d/color-functions

25 |       background-color: darken($bg, 10%);


websrc\app\common\styles\app\badge.scss 26:25  @content
websrc\app\common\styles\app\badge.scss 15:5   hover-focus()
websrc\app\common\styles\app\badge.scss 24:5   badge-variant()
websrc\app\common\styles\app\badge.scss 115:5  @import
websrc\app\common\styles\app.scss 54:9         @import
websrc\styles.scss 14:9                        root stylesheet


./websrc/styles.scss - Warning: Module Warning (from ./node_modules/sass-loader/dist/cjs.js):
Deprecation Warning on line 38, column 6 of file:///D:/vscode/nv/manager/admin/webapp/websrc/app/common/styles/app/badge.scss:38:6:
red() is deprecated. Suggestion:

color.channel($color, "red", $space: rgb)

More info: https://sass-lang.com/d/color-functions

38 |   $r: red($color);


websrc\app\common\styles\app\badge.scss 39:7   color-yiq()
websrc\app\common\styles\app\badge.scss 20:10  badge-variant()
websrc\app\common\styles\app\badge.scss 115:5  @import
websrc\app\common\styles\app.scss 54:9         @import
websrc\styles.scss 14:9                        root stylesheet


./websrc/styles.scss - Warning: Module Warning (from ./node_modules/sass-loader/dist/cjs.js):
Deprecation Warning on line 39, column 6 of file:///D:/vscode/nv/manager/admin/webapp/websrc/app/common/styles/app/badge.scss:39:6:
green() is deprecated. Suggestion:

color.channel($color, "green", $space: rgb)

More info: https://sass-lang.com/d/color-functions

39 |   $g: green($color);


websrc\app\common\styles\app\badge.scss 40:7   color-yiq()
websrc\app\common\styles\app\badge.scss 20:10  badge-variant()
websrc\app\common\styles\app\badge.scss 115:5  @import
websrc\app\common\styles\app.scss 54:9         @import
websrc\styles.scss 14:9                        root stylesheet


./websrc/styles.scss - Warning: Module Warning (from ./node_modules/sass-loader/dist/cjs.js):
Deprecation Warning on line 40, column 6 of file:///D:/vscode/nv/manager/admin/webapp/websrc/app/common/styles/app/badge.scss:40:6:
blue() is deprecated. Suggestion:

color.channel($color, "blue", $space: rgb)

More info: https://sass-lang.com/d/color-functions

40 |   $b: blue($color);


websrc\app\common\styles\app\badge.scss 41:7   color-yiq()
websrc\app\common\styles\app\badge.scss 20:10  badge-variant()
websrc\app\common\styles\app\badge.scss 115:5  @import
websrc\app\common\styles\app.scss 54:9         @import
websrc\styles.scss 14:9                        root stylesheet


./websrc/styles.scss - Warning: Module Warning (from ./node_modules/sass-loader/dist/cjs.js):
Deprecation Warning on line 164, column 2 of file:///D:/vscode/nv/manager/admin/webapp/websrc/app/common/styles/app/common.scss:164:2:
Sass's behavior for declarations that appear after nested
rules will be changing to match the behavior specified by CSS in an upcoming
version. To keep the existing behavior, move the declaration above the nested
rule. To opt into the new behavior, wrap the declaration in `& {}`.

More info: https://sass-lang.com/d/mixed-decls

164 |   min-width: 75px;


websrc\app\common\styles\app\common.scss 165:3  @import
websrc\app\common\styles\app.scss 53:9          @import
websrc\styles.scss 14:9                         root stylesheet


./websrc/styles.scss - Warning: Module Warning (from ./node_modules/sass-loader/dist/cjs.js):
Deprecation Warning on line 164, column 2 of file:///D:/vscode/nv/manager/admin/webapp/websrc/app/common/styles/app/common.scss:164:2:
Sass's behavior for declarations that appear after nested
rules will be changing to match the behavior specified by CSS in an upcoming
version. To keep the existing behavior, move the declaration above the nested
rule. To opt into the new behavior, wrap the declaration in `& {}`.

More info: https://sass-lang.com/d/mixed-decls

164 |   min-width: 75px;


websrc\app\common\styles\app\common.scss 165:3  @import
websrc\app\common\styles\app.scss 53:9          @import
websrc\styles.scss 14:9                         root stylesheet


./websrc/styles.scss - Warning: Module Warning (from ./node_modules/sass-loader/dist/cjs.js):
Deprecation Warning on line 165, column 2 of file:///D:/vscode/nv/manager/admin/webapp/websrc/app/common/styles/app/common.scss:165:2:
Sass's behavior for declarations that appear after nested
rules will be changing to match the behavior specified by CSS in an upcoming
version. To keep the existing behavior, move the declaration above the nested
rule. To opt into the new behavior, wrap the declaration in `& {}`.

More info: https://sass-lang.com/d/mixed-decls

165 |   border-radius: 4px;


websrc\app\common\styles\app\common.scss 166:3  @import
websrc\app\common\styles\app.scss 53:9          @import
websrc\styles.scss 14:9                         root stylesheet


./websrc/styles.scss - Warning: Module Warning (from ./node_modules/sass-loader/dist/cjs.js):
Deprecation Warning on line 165, column 2 of file:///D:/vscode/nv/manager/admin/webapp/websrc/app/common/styles/app/common.scss:165:2:
Sass's behavior for declarations that appear after nested
rules will be changing to match the behavior specified by CSS in an upcoming
version. To keep the existing behavior, move the declaration above the nested
rule. To opt into the new behavior, wrap the declaration in `& {}`.

More info: https://sass-lang.com/d/mixed-decls

165 |   border-radius: 4px;


websrc\app\common\styles\app\common.scss 166:3  @import
websrc\app\common\styles\app.scss 53:9          @import
websrc\styles.scss 14:9                         root stylesheet


./websrc/styles.scss - Warning: Module Warning (from ./node_modules/sass-loader/dist/cjs.js):
Deprecation Warning on line 166, column 2 of file:///D:/vscode/nv/manager/admin/webapp/websrc/app/common/styles/app/common.scss:166:2:
Sass's behavior for declarations that appear after nested
rules will be changing to match the behavior specified by CSS in an upcoming
version. To keep the existing behavior, move the declaration above the nested
rule. To opt into the new behavior, wrap the declaration in `& {}`.

More info: https://sass-lang.com/d/mixed-decls

166 |   text-align: center;


websrc\app\common\styles\app\common.scss 167:3  @import
websrc\app\common\styles\app.scss 53:9          @import
websrc\styles.scss 14:9                         root stylesheet


./websrc/styles.scss - Warning: Module Warning (from ./node_modules/sass-loader/dist/cjs.js):
Deprecation Warning on line 209, column 23 of file:///D:/vscode/nv/manager/admin/webapp/websrc/app/common/styles/app/variables.scss:209:23:
Global built-in functions are deprecated and will be removed in Dart Sass 3.0.0.
Use math.floor instead.

More info and automated migrator: https://sass-lang.com/d/import

209 | $line-height-computed: floor(($font-size-base * $line-height-base)) !default;


websrc\app\common\styles\app\variables.scss 210:24  @forward
websrc\styles.scss 8:1                              root stylesheet


./websrc/styles.scss - Warning: Module Warning (from ./node_modules/sass-loader/dist/cjs.js):
Deprecation Warning on line 215, column 2 of file:///D:/vscode/nv/manager/admin/webapp/websrc/app/common/styles/app/variables.scss:215:2:
Global built-in functions are deprecated and will be removed in Dart Sass 3.0.0.
Use math.ceil instead.

More info and automated migrator: https://sass-lang.com/d/import

215 |   ceil($font-size-lg * $line-height-large) + ($padding-large-vertical * 2) + 2


websrc\app\common\styles\app\variables.scss 216:3  @forward
websrc\styles.scss 8:1                             root stylesheet


./websrc/styles.scss - Warning: Module Warning (from ./node_modules/sass-loader/dist/cjs.js):
Deprecation Warning on line 219, column 2 of file:///D:/vscode/nv/manager/admin/webapp/websrc/app/common/styles/app/variables.scss:219:2:
Global built-in functions are deprecated and will be removed in Dart Sass 3.0.0.
Use math.floor instead.

More info and automated migrator: https://sass-lang.com/d/import

219 |   floor($font-size-sm * $line-height-small) + ($padding-small-vertical * 2) + 2


websrc\app\common\styles\app\variables.scss 220:3  @forward
websrc\styles.scss 8:1                             root stylesheet


./websrc/styles.scss - Warning: Module Warning (from ./node_modules/sass-loader/dist/cjs.js):
250 repetitive deprecation warnings omitted.
Run in verbose mode to see all warnings.

[39m[22m
√ Browser application bundle generation complete.
[1m[33m
./websrc/app/core/systemPrepare/systemPrepare.scss - Warning: Module Warning (from ./node_modules/sass-loader/dist/cjs.js):
Deprecation Warning on line 18, column 67 of file:///D:/vscode/nv/manager/admin/webapp/websrc/app/core/systemPrepare/systemPrepare.scss:18:67:
Global built-in functions are deprecated and will be removed in Dart Sass 3.0.0.
Use color.adjust instead.

More info and automated migrator: https://sass-lang.com/d/import

18 |   background-image: linear-gradient(90deg, $system-prepare-bg 10%, darken($system-prepare-bg, 5%) 90%); /* W3C */


websrc\app\core\systemPrepare\systemPrepare.scss 19:68  root stylesheet


./websrc/app/core/systemPrepare/systemPrepare.scss - Warning: Module Warning (from ./node_modules/sass-loader/dist/cjs.js):
Deprecation Warning on line 18, column 67 of file:///D:/vscode/nv/manager/admin/webapp/websrc/app/core/systemPrepare/systemPrepare.scss:18:67:
darken() is deprecated. Suggestions:

color.scale($color, $lightness: -34.4594594595%)
color.adjust($color, $lightness: -5%)

More info: https://sass-lang.com/d/color-functions

18 |   background-image: linear-gradient(90deg, $system-prepare-bg 10%, darken($system-prepare-bg, 5%) 90%); /* W3C */


websrc\app\core\systemPrepare\systemPrepare.scss 19:68  root stylesheet


./websrc/app/core/systemPrepare/systemPrepare.scss - Warning: Module Warning (from ./node_modules/sass-loader/dist/cjs.js):
Deprecation Warning on line 19, column 75 of file:///D:/vscode/nv/manager/admin/webapp/websrc/app/core/systemPrepare/systemPrepare.scss:19:75:
Global built-in functions are deprecated and will be removed in Dart Sass 3.0.0.
Use color.adjust instead.

More info and automated migrator: https://sass-lang.com/d/import

19 |   background-image: -webkit-linear-gradient(90deg, $system-prepare-bg 10%, darken($system-prepare-bg, 5%) 90%); /* Chrome 10+, Saf5.1+ */


websrc\app\core\systemPrepare\systemPrepare.scss 20:76  root stylesheet


./websrc/app/core/systemPrepare/systemPrepare.scss - Warning: Module Warning (from ./node_modules/sass-loader/dist/cjs.js):
Deprecation Warning on line 19, column 75 of file:///D:/vscode/nv/manager/admin/webapp/websrc/app/core/systemPrepare/systemPrepare.scss:19:75:
darken() is deprecated. Suggestions:

color.scale($color, $lightness: -34.4594594595%)
color.adjust($color, $lightness: -5%)

More info: https://sass-lang.com/d/color-functions

19 |   background-image: -webkit-linear-gradient(90deg, $system-prepare-bg 10%, darken($system-prepare-bg, 5%) 90%); /* Chrome 10+, Saf5.1+ */


websrc\app\core\systemPrepare\systemPrepare.scss 20:76  root stylesheet


./websrc/app/core/systemPrepare/systemPrepare.scss - Warning: Module Warning (from ./node_modules/sass-loader/dist/cjs.js):
Deprecation Warning on line 20, column 72 of file:///D:/vscode/nv/manager/admin/webapp/websrc/app/core/systemPrepare/systemPrepare.scss:20:72:
darken() is deprecated. Suggestions:

color.scale($color, $lightness: -34.4594594595%)
color.adjust($color, $lightness: -5%)

More info: https://sass-lang.com/d/color-functions

20 |   background-image: -moz-linear-gradient(90deg, $system-prepare-bg 10%, darken($system-prepare-bg, 5%) 90%); /* FF3.6+ */


websrc\app\core\systemPrepare\systemPrepare.scss 21:73  root stylesheet


./websrc/app/core/systemPrepare/systemPrepare.scss - Warning: Module Warning (from ./node_modules/sass-loader/dist/cjs.js):
Deprecation Warning on line 21, column 70 of file:///D:/vscode/nv/manager/admin/webapp/websrc/app/core/systemPrepare/systemPrepare.scss:21:70:
darken() is deprecated. Suggestions:

color.scale($color, $lightness: -34.4594594595%)
color.adjust($color, $lightness: -5%)

More info: https://sass-lang.com/d/color-functions

21 |   background-image: -o-linear-gradient(90deg, $system-prepare-bg 10%, darken($system-prepare-bg, 5%) 90%); /* Opera 11.10+ */


websrc\app\core\systemPrepare\systemPrepare.scss 22:71  root stylesheet


./websrc/app/core/systemPrepare/systemPrepare.scss - Warning: Module Warning (from ./node_modules/sass-loader/dist/cjs.js):
Deprecation Warning on line 22, column 71 of file:///D:/vscode/nv/manager/admin/webapp/websrc/app/core/systemPrepare/systemPrepare.scss:22:71:
darken() is deprecated. Suggestions:

color.scale($color, $lightness: -34.4594594595%)
color.adjust($color, $lightness: -5%)

More info: https://sass-lang.com/d/color-functions

22 |   background-image: -ms-linear-gradient(90deg, $system-prepare-bg 10%, darken($system-prepare-bg, 5%) 90%); /* IE10 */


websrc\app\core\systemPrepare\systemPrepare.scss 23:72  root stylesheet


./websrc/app/core/systemPrepare/systemPrepare.scss - Warning: Module Warning (from ./node_modules/sass-loader/dist/cjs.js):
Deprecation Warning on line 209, column 23 of file:///D:/vscode/nv/manager/admin/webapp/websrc/app/common/styles/app/variables.scss:209:23:
Global built-in functions are deprecated and will be removed in Dart Sass 3.0.0.
Use math.floor instead.

More info and automated migrator: https://sass-lang.com/d/import

209 | $line-height-computed: floor(($font-size-base * $line-height-base)) !default;


websrc\app\common\styles\app\variables.scss 210:24    @use
websrc\app\core\systemPrepare\systemPrepare.scss 5:1  root stylesheet


./websrc/app/core/systemPrepare/systemPrepare.scss - Warning: Module Warning (from ./node_modules/sass-loader/dist/cjs.js):
Deprecation Warning on line 215, column 2 of file:///D:/vscode/nv/manager/admin/webapp/websrc/app/common/styles/app/variables.scss:215:2:
Global built-in functions are deprecated and will be removed in Dart Sass 3.0.0.
Use math.ceil instead.

More info and automated migrator: https://sass-lang.com/d/import

215 |   ceil($font-size-lg * $line-height-large) + ($padding-large-vertical * 2) + 2


websrc\app\common\styles\app\variables.scss 216:3     @use
websrc\app\core\systemPrepare\systemPrepare.scss 5:1  root stylesheet


./websrc/app/core/systemPrepare/systemPrepare.scss - Warning: Module Warning (from ./node_modules/sass-loader/dist/cjs.js):
Deprecation Warning on line 219, column 2 of file:///D:/vscode/nv/manager/admin/webapp/websrc/app/common/styles/app/variables.scss:219:2:
Global built-in functions are deprecated and will be removed in Dart Sass 3.0.0.
Use math.floor instead.

More info and automated migrator: https://sass-lang.com/d/import

219 |   floor($font-size-sm * $line-height-small) + ($padding-small-vertical * 2) + 2


websrc\app\common\styles\app\variables.scss 220:3     @use
websrc\app\core\systemPrepare\systemPrepare.scss 5:1  root stylesheet


./websrc/app/core/systemPrepare/systemPrepare.scss - Warning: Module Warning (from ./node_modules/sass-loader/dist/cjs.js):
3 repetitive deprecation warnings omitted.
Run in verbose mode to see all warnings.

./websrc/styles.scss - Warning: Module Warning (from ./node_modules/sass-loader/dist/cjs.js):
Angular Material themes should be created from a map containing the keys "color", "typography", and "density". The color value should be a map containing the palette values for "primary", "accent", and "warn". See https://material.angular.dev/guide/theming for more information.

node_modules\@angular\material\core\m2\_theming.scss 177:5   -define-theme()
node_modules\@angular\material\core\m2\_theming.scss 235:11  define-light-theme()
websrc\material-theme.scss 74:9                              @use
websrc\styles.scss 4:1                                       root stylesheet


./websrc/styles.scss - Warning: Module Warning (from ./node_modules/sass-loader/dist/cjs.js):
Deprecation Warning on line 1, column 26 of file:///D:/vscode/nv/manager/admin/webapp/websrc/app/common/styles/app/offsidebar.scss:1:26:
Global built-in functions are deprecated and will be removed in Dart Sass 3.0.0.
Use color.grayscale instead.

More info and automated migrator: https://sass-lang.com/d/import

1 | $offsidebar-border-color: grayscale(darken($offsidebar-bg, 20%));


websrc\app\common\styles\app\offsidebar.scss 2:27  @import
websrc\app\common\styles\app.scss 34:9             @import
websrc\styles.scss 14:9                            root stylesheet


./websrc/styles.scss - Warning: Module Warning (from ./node_modules/sass-loader/dist/cjs.js):
Deprecation Warning on line 1, column 36 of file:///D:/vscode/nv/manager/admin/webapp/websrc/app/common/styles/app/offsidebar.scss:1:36:
Global built-in functions are deprecated and will be removed in Dart Sass 3.0.0.
Use color.adjust instead.

More info and automated migrator: https://sass-lang.com/d/import

1 | $offsidebar-border-color: grayscale(darken($offsidebar-bg, 20%));


websrc\app\common\styles\app\offsidebar.scss 2:37  @import
websrc\app\common\styles\app.scss 34:9             @import
websrc\styles.scss 14:9                            root stylesheet


./websrc/styles.scss - Warning: Module Warning (from ./node_modules/sass-loader/dist/cjs.js):
Deprecation Warning on line 1, column 36 of file:///D:/vscode/nv/manager/admin/webapp/websrc/app/common/styles/app/offsidebar.scss:1:36:
darken() is deprecated. Suggestions:

color.scale($color, $lightness: -20%)
color.adjust($color, $lightness: -20%)

More info: https://sass-lang.com/d/color-functions

1 | $offsidebar-border-color: grayscale(darken($offsidebar-bg, 20%));


websrc\app\common\styles\app\offsidebar.scss 2:37  @import
websrc\app\common\styles\app.scss 34:9             @import
websrc\styles.scss 14:9                            root stylesheet


./websrc/styles.scss - Warning: Module Warning (from ./node_modules/sass-loader/dist/cjs.js):
Deprecation Warning on line 9, column 8 of file:///D:/vscode/nv/manager/admin/webapp/websrc/app/common/styles/app.scss:9:8:
Sass @import rules are deprecated and will be removed in Dart Sass 3.0.0.

More info and automated migrator: https://sass-lang.com/d/import

9 | @import 'googleapis/material_icons';


websrc\app\common\styles\app.scss 10:9  @import
websrc\styles.scss 14:9                 root stylesheet


./websrc/styles.scss - Warning: Module Warning (from ./node_modules/sass-loader/dist/cjs.js):
Deprecation Warning on line 10, column 8 of file:///D:/vscode/nv/manager/admin/webapp/websrc/app/common/styles/app.scss:10:8:
Sass @import rules are deprecated and will be removed in Dart Sass 3.0.0.

More info and automated migrator: https://sass-lang.com/d/import

10 | @import 'googleapis/lato';


websrc\app\common\styles\app.scss 11:9  @import
websrc\styles.scss 14:9                 root stylesheet


./websrc/styles.scss - Warning: Module Warning (from ./node_modules/sass-loader/dist/cjs.js):
Deprecation Warning on line 11, column 8 of file:///D:/vscode/nv/manager/admin/webapp/websrc/app/common/styles/app.scss:11:8:
Sass @import rules are deprecated and will be removed in Dart Sass 3.0.0.

More info and automated migrator: https://sass-lang.com/d/import

11 | @import 'googleapis/poppins';


websrc\app\common\styles\app.scss 12:9  @import
websrc\styles.scss 14:9                 root stylesheet


./websrc/styles.scss - Warning: Module Warning (from ./node_modules/sass-loader/dist/cjs.js):
Deprecation Warning on line 13, column 8 of file:///D:/vscode/nv/manager/admin/webapp/websrc/styles.scss:13:8:
Sass @import rules are deprecated and will be removed in Dart Sass 3.0.0.

More info and automated migrator: https://sass-lang.com/d/import

13 | @import "./app/common/styles/app.scss";


websrc\styles.scss 14:9  root stylesheet


./websrc/styles.scss - Warning: Module Warning (from ./node_modules/sass-loader/dist/cjs.js):
Deprecation Warning on line 22, column 8 of file:///D:/vscode/nv/manager/admin/webapp/websrc/styles.scss:22:8:
Sass @import rules are deprecated and will be removed in Dart Sass 3.0.0.

More info and automated migrator: https://sass-lang.com/d/import

22 | @import "ngx-toastr/toastr";


websrc\styles.scss 23:9  root stylesheet


./websrc/styles.scss - Warning: Module Warning (from ./node_modules/sass-loader/dist/cjs.js):
Deprecation Warning on line 25, column 24 of file:///D:/vscode/nv/manager/admin/webapp/websrc/app/common/styles/app/badge.scss:25:24:
darken() is deprecated. Suggestions:

color.scale($color, $lightness: -18.4115523466%)
color.adjust($color, $lightness: -10%)

More info: https://sass-lang.com/d/color-functions

25 |       background-color: darken($bg, 10%);


websrc\app\common\styles\app\badge.scss 26:25  @content
websrc\app\common\styles\app\badge.scss 15:5   hover-focus()
websrc\app\common\styles\app\badge.scss 24:5   badge-variant()
websrc\app\common\styles\app\badge.scss 115:5  @import
websrc\app\common\styles\app.scss 54:9         @import
websrc\styles.scss 14:9                        root stylesheet


./websrc/styles.scss - Warning: Module Warning (from ./node_modules/sass-loader/dist/cjs.js):
Deprecation Warning on line 38, column 6 of file:///D:/vscode/nv/manager/admin/webapp/websrc/app/common/styles/app/badge.scss:38:6:
red() is deprecated. Suggestion:

color.channel($color, "red", $space: rgb)

More info: https://sass-lang.com/d/color-functions

38 |   $r: red($color);


websrc\app\common\styles\app\badge.scss 39:7   color-yiq()
websrc\app\common\styles\app\badge.scss 20:10  badge-variant()
websrc\app\common\styles\app\badge.scss 115:5  @import
websrc\app\common\styles\app.scss 54:9         @import
websrc\styles.scss 14:9                        root stylesheet


./websrc/styles.scss - Warning: Module Warning (from ./node_modules/sass-loader/dist/cjs.js):
Deprecation Warning on line 39, column 6 of file:///D:/vscode/nv/manager/admin/webapp/websrc/app/common/styles/app/badge.scss:39:6:
green() is deprecated. Suggestion:

color.channel($color, "green", $space: rgb)

More info: https://sass-lang.com/d/color-functions

39 |   $g: green($color);


websrc\app\common\styles\app\badge.scss 40:7   color-yiq()
websrc\app\common\styles\app\badge.scss 20:10  badge-variant()
websrc\app\common\styles\app\badge.scss 115:5  @import
websrc\app\common\styles\app.scss 54:9         @import
websrc\styles.scss 14:9                        root stylesheet


./websrc/styles.scss - Warning: Module Warning (from ./node_modules/sass-loader/dist/cjs.js):
Deprecation Warning on line 40, column 6 of file:///D:/vscode/nv/manager/admin/webapp/websrc/app/common/styles/app/badge.scss:40:6:
blue() is deprecated. Suggestion:

color.channel($color, "blue", $space: rgb)

More info: https://sass-lang.com/d/color-functions

40 |   $b: blue($color);


websrc\app\common\styles\app\badge.scss 41:7   color-yiq()
websrc\app\common\styles\app\badge.scss 20:10  badge-variant()
websrc\app\common\styles\app\badge.scss 115:5  @import
websrc\app\common\styles\app.scss 54:9         @import
websrc\styles.scss 14:9                        root stylesheet


./websrc/styles.scss - Warning: Module Warning (from ./node_modules/sass-loader/dist/cjs.js):
Deprecation Warning on line 164, column 2 of file:///D:/vscode/nv/manager/admin/webapp/websrc/app/common/styles/app/common.scss:164:2:
Sass's behavior for declarations that appear after nested
rules will be changing to match the behavior specified by CSS in an upcoming
version. To keep the existing behavior, move the declaration above the nested
rule. To opt into the new behavior, wrap the declaration in `& {}`.

More info: https://sass-lang.com/d/mixed-decls

164 |   min-width: 75px;


websrc\app\common\styles\app\common.scss 165:3  @import
websrc\app\common\styles\app.scss 53:9          @import
websrc\styles.scss 14:9                         root stylesheet


./websrc/styles.scss - Warning: Module Warning (from ./node_modules/sass-loader/dist/cjs.js):
Deprecation Warning on line 164, column 2 of file:///D:/vscode/nv/manager/admin/webapp/websrc/app/common/styles/app/common.scss:164:2:
Sass's behavior for declarations that appear after nested
rules will be changing to match the behavior specified by CSS in an upcoming
version. To keep the existing behavior, move the declaration above the nested
rule. To opt into the new behavior, wrap the declaration in `& {}`.

More info: https://sass-lang.com/d/mixed-decls

164 |   min-width: 75px;


websrc\app\common\styles\app\common.scss 165:3  @import
websrc\app\common\styles\app.scss 53:9          @import
websrc\styles.scss 14:9                         root stylesheet


./websrc/styles.scss - Warning: Module Warning (from ./node_modules/sass-loader/dist/cjs.js):
Deprecation Warning on line 165, column 2 of file:///D:/vscode/nv/manager/admin/webapp/websrc/app/common/styles/app/common.scss:165:2:
Sass's behavior for declarations that appear after nested
rules will be changing to match the behavior specified by CSS in an upcoming
version. To keep the existing behavior, move the declaration above the nested
rule. To opt into the new behavior, wrap the declaration in `& {}`.

More info: https://sass-lang.com/d/mixed-decls

165 |   border-radius: 4px;


websrc\app\common\styles\app\common.scss 166:3  @import
websrc\app\common\styles\app.scss 53:9          @import
websrc\styles.scss 14:9                         root stylesheet


./websrc/styles.scss - Warning: Module Warning (from ./node_modules/sass-loader/dist/cjs.js):
Deprecation Warning on line 165, column 2 of file:///D:/vscode/nv/manager/admin/webapp/websrc/app/common/styles/app/common.scss:165:2:
Sass's behavior for declarations that appear after nested
rules will be changing to match the behavior specified by CSS in an upcoming
version. To keep the existing behavior, move the declaration above the nested
rule. To opt into the new behavior, wrap the declaration in `& {}`.

More info: https://sass-lang.com/d/mixed-decls

165 |   border-radius: 4px;


websrc\app\common\styles\app\common.scss 166:3  @import
websrc\app\common\styles\app.scss 53:9          @import
websrc\styles.scss 14:9                         root stylesheet


./websrc/styles.scss - Warning: Module Warning (from ./node_modules/sass-loader/dist/cjs.js):
Deprecation Warning on line 166, column 2 of file:///D:/vscode/nv/manager/admin/webapp/websrc/app/common/styles/app/common.scss:166:2:
Sass's behavior for declarations that appear after nested
rules will be changing to match the behavior specified by CSS in an upcoming
version. To keep the existing behavior, move the declaration above the nested
rule. To opt into the new behavior, wrap the declaration in `& {}`.

More info: https://sass-lang.com/d/mixed-decls

166 |   text-align: center;


websrc\app\common\styles\app\common.scss 167:3  @import
websrc\app\common\styles\app.scss 53:9          @import
websrc\styles.scss 14:9                         root stylesheet


./websrc/styles.scss - Warning: Module Warning (from ./node_modules/sass-loader/dist/cjs.js):
Deprecation Warning on line 209, column 23 of file:///D:/vscode/nv/manager/admin/webapp/websrc/app/common/styles/app/variables.scss:209:23:
Global built-in functions are deprecated and will be removed in Dart Sass 3.0.0.
Use math.floor instead.

More info and automated migrator: https://sass-lang.com/d/import

209 | $line-height-computed: floor(($font-size-base * $line-height-base)) !default;


websrc\app\common\styles\app\variables.scss 210:24  @forward
websrc\styles.scss 8:1                              root stylesheet


./websrc/styles.scss - Warning: Module Warning (from ./node_modules/sass-loader/dist/cjs.js):
Deprecation Warning on line 215, column 2 of file:///D:/vscode/nv/manager/admin/webapp/websrc/app/common/styles/app/variables.scss:215:2:
Global built-in functions are deprecated and will be removed in Dart Sass 3.0.0.
Use math.ceil instead.

More info and automated migrator: https://sass-lang.com/d/import

215 |   ceil($font-size-lg * $line-height-large) + ($padding-large-vertical * 2) + 2


websrc\app\common\styles\app\variables.scss 216:3  @forward
websrc\styles.scss 8:1                             root stylesheet


./websrc/styles.scss - Warning: Module Warning (from ./node_modules/sass-loader/dist/cjs.js):
Deprecation Warning on line 219, column 2 of file:///D:/vscode/nv/manager/admin/webapp/websrc/app/common/styles/app/variables.scss:219:2:
Global built-in functions are deprecated and will be removed in Dart Sass 3.0.0.
Use math.floor instead.

More info and automated migrator: https://sass-lang.com/d/import

219 |   floor($font-size-sm * $line-height-small) + ($padding-small-vertical * 2) + 2


websrc\app\common\styles\app\variables.scss 220:3  @forward
websrc\styles.scss 8:1                             root stylesheet


./websrc/styles.scss - Warning: Module Warning (from ./node_modules/sass-loader/dist/cjs.js):
250 repetitive deprecation warnings omitted.
Run in verbose mode to see all warnings.

[39m[22m
√ Browser application bundle generation complete.
√ Browser application bundle generation complete.
√ Browser application bundle generation complete.
√ Browser application bundle generation complete.
√ Browser application bundle generation complete.
√ Browser application bundle generation complete.
√ Browser application bundle generation complete.
√ Browser application bundle generation complete.
√ Browser application bundle generation complete.
√ Browser application bundle generation complete.
√ Browser application bundle generation complete.
√ Browser application bundle generation complete.
√ Browser application bundle generation complete.
√ Browser application bundle generation complete.
√ Browser application bundle generation complete.
√ Browser application bundle generation complete.
√ Browser application bundle generation complete.
√ Browser application bundle generation complete.
√ Browser application bundle generation complete.
√ Browser application bundle generation complete.
[1m[33m
./websrc/styles.scss - Warning: Module Warning (from ./node_modules/sass-loader/dist/cjs.js):
Angular Material themes should be created from a map containing the keys "color", "typography", and "density". The color value should be a map containing the palette values for "primary", "accent", and "warn". See https://material.angular.dev/guide/theming for more information.

node_modules\@angular\material\core\m2\_theming.scss 177:5   -define-theme()
node_modules\@angular\material\core\m2\_theming.scss 235:11  define-light-theme()
websrc\material-theme.scss 74:9                              @use
websrc\styles.scss 4:1                                       root stylesheet


./websrc/styles.scss - Warning: Module Warning (from ./node_modules/sass-loader/dist/cjs.js):
Deprecation Warning on line 1, column 26 of file:///D:/vscode/nv/manager/admin/webapp/websrc/app/common/styles/app/offsidebar.scss:1:26:
Global built-in functions are deprecated and will be removed in Dart Sass 3.0.0.
Use color.grayscale instead.

More info and automated migrator: https://sass-lang.com/d/import

1 | $offsidebar-border-color: grayscale(darken($offsidebar-bg, 20%));


websrc\app\common\styles\app\offsidebar.scss 2:27  @import
websrc\app\common\styles\app.scss 34:9             @import
websrc\styles.scss 14:9                            root stylesheet


./websrc/styles.scss - Warning: Module Warning (from ./node_modules/sass-loader/dist/cjs.js):
Deprecation Warning on line 1, column 36 of file:///D:/vscode/nv/manager/admin/webapp/websrc/app/common/styles/app/offsidebar.scss:1:36:
Global built-in functions are deprecated and will be removed in Dart Sass 3.0.0.
Use color.adjust instead.

More info and automated migrator: https://sass-lang.com/d/import

1 | $offsidebar-border-color: grayscale(darken($offsidebar-bg, 20%));


websrc\app\common\styles\app\offsidebar.scss 2:37  @import
websrc\app\common\styles\app.scss 34:9             @import
websrc\styles.scss 14:9                            root stylesheet


./websrc/styles.scss - Warning: Module Warning (from ./node_modules/sass-loader/dist/cjs.js):
Deprecation Warning on line 1, column 36 of file:///D:/vscode/nv/manager/admin/webapp/websrc/app/common/styles/app/offsidebar.scss:1:36:
darken() is deprecated. Suggestions:

color.scale($color, $lightness: -20%)
color.adjust($color, $lightness: -20%)

More info: https://sass-lang.com/d/color-functions

1 | $offsidebar-border-color: grayscale(darken($offsidebar-bg, 20%));


websrc\app\common\styles\app\offsidebar.scss 2:37  @import
websrc\app\common\styles\app.scss 34:9             @import
websrc\styles.scss 14:9                            root stylesheet


./websrc/styles.scss - Warning: Module Warning (from ./node_modules/sass-loader/dist/cjs.js):
Deprecation Warning on line 9, column 8 of file:///D:/vscode/nv/manager/admin/webapp/websrc/app/common/styles/app.scss:9:8:
Sass @import rules are deprecated and will be removed in Dart Sass 3.0.0.

More info and automated migrator: https://sass-lang.com/d/import

9 | @import 'googleapis/material_icons';


websrc\app\common\styles\app.scss 10:9  @import
websrc\styles.scss 14:9                 root stylesheet


./websrc/styles.scss - Warning: Module Warning (from ./node_modules/sass-loader/dist/cjs.js):
Deprecation Warning on line 10, column 8 of file:///D:/vscode/nv/manager/admin/webapp/websrc/app/common/styles/app.scss:10:8:
Sass @import rules are deprecated and will be removed in Dart Sass 3.0.0.

More info and automated migrator: https://sass-lang.com/d/import

10 | @import 'googleapis/lato';


websrc\app\common\styles\app.scss 11:9  @import
websrc\styles.scss 14:9                 root stylesheet


./websrc/styles.scss - Warning: Module Warning (from ./node_modules/sass-loader/dist/cjs.js):
Deprecation Warning on line 11, column 8 of file:///D:/vscode/nv/manager/admin/webapp/websrc/app/common/styles/app.scss:11:8:
Sass @import rules are deprecated and will be removed in Dart Sass 3.0.0.

More info and automated migrator: https://sass-lang.com/d/import

11 | @import 'googleapis/poppins';


websrc\app\common\styles\app.scss 12:9  @import
websrc\styles.scss 14:9                 root stylesheet


./websrc/styles.scss - Warning: Module Warning (from ./node_modules/sass-loader/dist/cjs.js):
Deprecation Warning on line 13, column 8 of file:///D:/vscode/nv/manager/admin/webapp/websrc/styles.scss:13:8:
Sass @import rules are deprecated and will be removed in Dart Sass 3.0.0.

More info and automated migrator: https://sass-lang.com/d/import

13 | @import "./app/common/styles/app.scss";


websrc\styles.scss 14:9  root stylesheet


./websrc/styles.scss - Warning: Module Warning (from ./node_modules/sass-loader/dist/cjs.js):
Deprecation Warning on line 22, column 8 of file:///D:/vscode/nv/manager/admin/webapp/websrc/styles.scss:22:8:
Sass @import rules are deprecated and will be removed in Dart Sass 3.0.0.

More info and automated migrator: https://sass-lang.com/d/import

22 | @import "ngx-toastr/toastr";


websrc\styles.scss 23:9  root stylesheet


./websrc/styles.scss - Warning: Module Warning (from ./node_modules/sass-loader/dist/cjs.js):
Deprecation Warning on line 25, column 24 of file:///D:/vscode/nv/manager/admin/webapp/websrc/app/common/styles/app/badge.scss:25:24:
darken() is deprecated. Suggestions:

color.scale($color, $lightness: -18.4115523466%)
color.adjust($color, $lightness: -10%)

More info: https://sass-lang.com/d/color-functions

25 |       background-color: darken($bg, 10%);


websrc\app\common\styles\app\badge.scss 26:25  @content
websrc\app\common\styles\app\badge.scss 15:5   hover-focus()
websrc\app\common\styles\app\badge.scss 24:5   badge-variant()
websrc\app\common\styles\app\badge.scss 115:5  @import
websrc\app\common\styles\app.scss 54:9         @import
websrc\styles.scss 14:9                        root stylesheet


./websrc/styles.scss - Warning: Module Warning (from ./node_modules/sass-loader/dist/cjs.js):
Deprecation Warning on line 38, column 6 of file:///D:/vscode/nv/manager/admin/webapp/websrc/app/common/styles/app/badge.scss:38:6:
red() is deprecated. Suggestion:

color.channel($color, "red", $space: rgb)

More info: https://sass-lang.com/d/color-functions

38 |   $r: red($color);


websrc\app\common\styles\app\badge.scss 39:7   color-yiq()
websrc\app\common\styles\app\badge.scss 20:10  badge-variant()
websrc\app\common\styles\app\badge.scss 115:5  @import
websrc\app\common\styles\app.scss 54:9         @import
websrc\styles.scss 14:9                        root stylesheet


./websrc/styles.scss - Warning: Module Warning (from ./node_modules/sass-loader/dist/cjs.js):
Deprecation Warning on line 39, column 6 of file:///D:/vscode/nv/manager/admin/webapp/websrc/app/common/styles/app/badge.scss:39:6:
green() is deprecated. Suggestion:

color.channel($color, "green", $space: rgb)

More info: https://sass-lang.com/d/color-functions

39 |   $g: green($color);


websrc\app\common\styles\app\badge.scss 40:7   color-yiq()
websrc\app\common\styles\app\badge.scss 20:10  badge-variant()
websrc\app\common\styles\app\badge.scss 115:5  @import
websrc\app\common\styles\app.scss 54:9         @import
websrc\styles.scss 14:9                        root stylesheet


./websrc/styles.scss - Warning: Module Warning (from ./node_modules/sass-loader/dist/cjs.js):
Deprecation Warning on line 40, column 6 of file:///D:/vscode/nv/manager/admin/webapp/websrc/app/common/styles/app/badge.scss:40:6:
blue() is deprecated. Suggestion:

color.channel($color, "blue", $space: rgb)

More info: https://sass-lang.com/d/color-functions

40 |   $b: blue($color);


websrc\app\common\styles\app\badge.scss 41:7   color-yiq()
websrc\app\common\styles\app\badge.scss 20:10  badge-variant()
websrc\app\common\styles\app\badge.scss 115:5  @import
websrc\app\common\styles\app.scss 54:9         @import
websrc\styles.scss 14:9                        root stylesheet


./websrc/styles.scss - Warning: Module Warning (from ./node_modules/sass-loader/dist/cjs.js):
Deprecation Warning on line 164, column 2 of file:///D:/vscode/nv/manager/admin/webapp/websrc/app/common/styles/app/common.scss:164:2:
Sass's behavior for declarations that appear after nested
rules will be changing to match the behavior specified by CSS in an upcoming
version. To keep the existing behavior, move the declaration above the nested
rule. To opt into the new behavior, wrap the declaration in `& {}`.

More info: https://sass-lang.com/d/mixed-decls

164 |   min-width: 75px;


websrc\app\common\styles\app\common.scss 165:3  @import
websrc\app\common\styles\app.scss 53:9          @import
websrc\styles.scss 14:9                         root stylesheet


./websrc/styles.scss - Warning: Module Warning (from ./node_modules/sass-loader/dist/cjs.js):
Deprecation Warning on line 164, column 2 of file:///D:/vscode/nv/manager/admin/webapp/websrc/app/common/styles/app/common.scss:164:2:
Sass's behavior for declarations that appear after nested
rules will be changing to match the behavior specified by CSS in an upcoming
version. To keep the existing behavior, move the declaration above the nested
rule. To opt into the new behavior, wrap the declaration in `& {}`.

More info: https://sass-lang.com/d/mixed-decls

164 |   min-width: 75px;


websrc\app\common\styles\app\common.scss 165:3  @import
websrc\app\common\styles\app.scss 53:9          @import
websrc\styles.scss 14:9                         root stylesheet


./websrc/styles.scss - Warning: Module Warning (from ./node_modules/sass-loader/dist/cjs.js):
Deprecation Warning on line 165, column 2 of file:///D:/vscode/nv/manager/admin/webapp/websrc/app/common/styles/app/common.scss:165:2:
Sass's behavior for declarations that appear after nested
rules will be changing to match the behavior specified by CSS in an upcoming
version. To keep the existing behavior, move the declaration above the nested
rule. To opt into the new behavior, wrap the declaration in `& {}`.

More info: https://sass-lang.com/d/mixed-decls

165 |   border-radius: 4px;


websrc\app\common\styles\app\common.scss 166:3  @import
websrc\app\common\styles\app.scss 53:9          @import
websrc\styles.scss 14:9                         root stylesheet


./websrc/styles.scss - Warning: Module Warning (from ./node_modules/sass-loader/dist/cjs.js):
Deprecation Warning on line 165, column 2 of file:///D:/vscode/nv/manager/admin/webapp/websrc/app/common/styles/app/common.scss:165:2:
Sass's behavior for declarations that appear after nested
rules will be changing to match the behavior specified by CSS in an upcoming
version. To keep the existing behavior, move the declaration above the nested
rule. To opt into the new behavior, wrap the declaration in `& {}`.

More info: https://sass-lang.com/d/mixed-decls

165 |   border-radius: 4px;


websrc\app\common\styles\app\common.scss 166:3  @import
websrc\app\common\styles\app.scss 53:9          @import
websrc\styles.scss 14:9                         root stylesheet


./websrc/styles.scss - Warning: Module Warning (from ./node_modules/sass-loader/dist/cjs.js):
Deprecation Warning on line 166, column 2 of file:///D:/vscode/nv/manager/admin/webapp/websrc/app/common/styles/app/common.scss:166:2:
Sass's behavior for declarations that appear after nested
rules will be changing to match the behavior specified by CSS in an upcoming
version. To keep the existing behavior, move the declaration above the nested
rule. To opt into the new behavior, wrap the declaration in `& {}`.

More info: https://sass-lang.com/d/mixed-decls

166 |   text-align: center;


websrc\app\common\styles\app\common.scss 167:3  @import
websrc\app\common\styles\app.scss 53:9          @import
websrc\styles.scss 14:9                         root stylesheet


./websrc/styles.scss - Warning: Module Warning (from ./node_modules/sass-loader/dist/cjs.js):
Deprecation Warning on line 209, column 23 of file:///D:/vscode/nv/manager/admin/webapp/websrc/app/common/styles/app/variables.scss:209:23:
Global built-in functions are deprecated and will be removed in Dart Sass 3.0.0.
Use math.floor instead.

More info and automated migrator: https://sass-lang.com/d/import

209 | $line-height-computed: floor(($font-size-base * $line-height-base)) !default;


websrc\app\common\styles\app\variables.scss 210:24  @forward
websrc\styles.scss 8:1                              root stylesheet


./websrc/styles.scss - Warning: Module Warning (from ./node_modules/sass-loader/dist/cjs.js):
Deprecation Warning on line 215, column 2 of file:///D:/vscode/nv/manager/admin/webapp/websrc/app/common/styles/app/variables.scss:215:2:
Global built-in functions are deprecated and will be removed in Dart Sass 3.0.0.
Use math.ceil instead.

More info and automated migrator: https://sass-lang.com/d/import

215 |   ceil($font-size-lg * $line-height-large) + ($padding-large-vertical * 2) + 2


websrc\app\common\styles\app\variables.scss 216:3  @forward
websrc\styles.scss 8:1                             root stylesheet


./websrc/styles.scss - Warning: Module Warning (from ./node_modules/sass-loader/dist/cjs.js):
Deprecation Warning on line 219, column 2 of file:///D:/vscode/nv/manager/admin/webapp/websrc/app/common/styles/app/variables.scss:219:2:
Global built-in functions are deprecated and will be removed in Dart Sass 3.0.0.
Use math.floor instead.

More info and automated migrator: https://sass-lang.com/d/import

219 |   floor($font-size-sm * $line-height-small) + ($padding-small-vertical * 2) + 2


websrc\app\common\styles\app\variables.scss 220:3  @forward
websrc\styles.scss 8:1                             root stylesheet


./websrc/styles.scss - Warning: Module Warning (from ./node_modules/sass-loader/dist/cjs.js):
250 repetitive deprecation warnings omitted.
Run in verbose mode to see all warnings.

[39m[22m
√ Browser application bundle generation complete.
[1m[33m
./websrc/styles.scss - Warning: Module Warning (from ./node_modules/sass-loader/dist/cjs.js):
Angular Material themes should be created from a map containing the keys "color", "typography", and "density". The color value should be a map containing the palette values for "primary", "accent", and "warn". See https://material.angular.dev/guide/theming for more information.

node_modules\@angular\material\core\m2\_theming.scss 177:5   -define-theme()
node_modules\@angular\material\core\m2\_theming.scss 235:11  define-light-theme()
websrc\material-theme.scss 74:9                              @use
websrc\styles.scss 4:1                                       root stylesheet


./websrc/styles.scss - Warning: Module Warning (from ./node_modules/sass-loader/dist/cjs.js):
Deprecation Warning on line 1, column 26 of file:///D:/vscode/nv/manager/admin/webapp/websrc/app/common/styles/app/offsidebar.scss:1:26:
Global built-in functions are deprecated and will be removed in Dart Sass 3.0.0.
Use color.grayscale instead.

More info and automated migrator: https://sass-lang.com/d/import

1 | $offsidebar-border-color: grayscale(darken($offsidebar-bg, 20%));


websrc\app\common\styles\app\offsidebar.scss 2:27  @import
websrc\app\common\styles\app.scss 34:9             @import
websrc\styles.scss 14:9                            root stylesheet


./websrc/styles.scss - Warning: Module Warning (from ./node_modules/sass-loader/dist/cjs.js):
Deprecation Warning on line 1, column 36 of file:///D:/vscode/nv/manager/admin/webapp/websrc/app/common/styles/app/offsidebar.scss:1:36:
Global built-in functions are deprecated and will be removed in Dart Sass 3.0.0.
Use color.adjust instead.

More info and automated migrator: https://sass-lang.com/d/import

1 | $offsidebar-border-color: grayscale(darken($offsidebar-bg, 20%));


websrc\app\common\styles\app\offsidebar.scss 2:37  @import
websrc\app\common\styles\app.scss 34:9             @import
websrc\styles.scss 14:9                            root stylesheet


./websrc/styles.scss - Warning: Module Warning (from ./node_modules/sass-loader/dist/cjs.js):
Deprecation Warning on line 1, column 36 of file:///D:/vscode/nv/manager/admin/webapp/websrc/app/common/styles/app/offsidebar.scss:1:36:
darken() is deprecated. Suggestions:

color.scale($color, $lightness: -20%)
color.adjust($color, $lightness: -20%)

More info: https://sass-lang.com/d/color-functions

1 | $offsidebar-border-color: grayscale(darken($offsidebar-bg, 20%));


websrc\app\common\styles\app\offsidebar.scss 2:37  @import
websrc\app\common\styles\app.scss 34:9             @import
websrc\styles.scss 14:9                            root stylesheet


./websrc/styles.scss - Warning: Module Warning (from ./node_modules/sass-loader/dist/cjs.js):
Deprecation Warning on line 9, column 8 of file:///D:/vscode/nv/manager/admin/webapp/websrc/app/common/styles/app.scss:9:8:
Sass @import rules are deprecated and will be removed in Dart Sass 3.0.0.

More info and automated migrator: https://sass-lang.com/d/import

9 | @import 'googleapis/material_icons';


websrc\app\common\styles\app.scss 10:9  @import
websrc\styles.scss 14:9                 root stylesheet


./websrc/styles.scss - Warning: Module Warning (from ./node_modules/sass-loader/dist/cjs.js):
Deprecation Warning on line 10, column 8 of file:///D:/vscode/nv/manager/admin/webapp/websrc/app/common/styles/app.scss:10:8:
Sass @import rules are deprecated and will be removed in Dart Sass 3.0.0.

More info and automated migrator: https://sass-lang.com/d/import

10 | @import 'googleapis/lato';


websrc\app\common\styles\app.scss 11:9  @import
websrc\styles.scss 14:9                 root stylesheet


./websrc/styles.scss - Warning: Module Warning (from ./node_modules/sass-loader/dist/cjs.js):
Deprecation Warning on line 11, column 8 of file:///D:/vscode/nv/manager/admin/webapp/websrc/app/common/styles/app.scss:11:8:
Sass @import rules are deprecated and will be removed in Dart Sass 3.0.0.

More info and automated migrator: https://sass-lang.com/d/import

11 | @import 'googleapis/poppins';


websrc\app\common\styles\app.scss 12:9  @import
websrc\styles.scss 14:9                 root stylesheet


./websrc/styles.scss - Warning: Module Warning (from ./node_modules/sass-loader/dist/cjs.js):
Deprecation Warning on line 13, column 8 of file:///D:/vscode/nv/manager/admin/webapp/websrc/styles.scss:13:8:
Sass @import rules are deprecated and will be removed in Dart Sass 3.0.0.

More info and automated migrator: https://sass-lang.com/d/import

13 | @import "./app/common/styles/app.scss";


websrc\styles.scss 14:9  root stylesheet


./websrc/styles.scss - Warning: Module Warning (from ./node_modules/sass-loader/dist/cjs.js):
Deprecation Warning on line 22, column 8 of file:///D:/vscode/nv/manager/admin/webapp/websrc/styles.scss:22:8:
Sass @import rules are deprecated and will be removed in Dart Sass 3.0.0.

More info and automated migrator: https://sass-lang.com/d/import

22 | @import "ngx-toastr/toastr";


websrc\styles.scss 23:9  root stylesheet


./websrc/styles.scss - Warning: Module Warning (from ./node_modules/sass-loader/dist/cjs.js):
Deprecation Warning on line 25, column 24 of file:///D:/vscode/nv/manager/admin/webapp/websrc/app/common/styles/app/badge.scss:25:24:
darken() is deprecated. Suggestions:

color.scale($color, $lightness: -18.4115523466%)
color.adjust($color, $lightness: -10%)

More info: https://sass-lang.com/d/color-functions

25 |       background-color: darken($bg, 10%);


websrc\app\common\styles\app\badge.scss 26:25  @content
websrc\app\common\styles\app\badge.scss 15:5   hover-focus()
websrc\app\common\styles\app\badge.scss 24:5   badge-variant()
websrc\app\common\styles\app\badge.scss 115:5  @import
websrc\app\common\styles\app.scss 54:9         @import
websrc\styles.scss 14:9                        root stylesheet


./websrc/styles.scss - Warning: Module Warning (from ./node_modules/sass-loader/dist/cjs.js):
Deprecation Warning on line 38, column 6 of file:///D:/vscode/nv/manager/admin/webapp/websrc/app/common/styles/app/badge.scss:38:6:
red() is deprecated. Suggestion:

color.channel($color, "red", $space: rgb)

More info: https://sass-lang.com/d/color-functions

38 |   $r: red($color);


websrc\app\common\styles\app\badge.scss 39:7   color-yiq()
websrc\app\common\styles\app\badge.scss 20:10  badge-variant()
websrc\app\common\styles\app\badge.scss 115:5  @import
websrc\app\common\styles\app.scss 54:9         @import
websrc\styles.scss 14:9                        root stylesheet


./websrc/styles.scss - Warning: Module Warning (from ./node_modules/sass-loader/dist/cjs.js):
Deprecation Warning on line 39, column 6 of file:///D:/vscode/nv/manager/admin/webapp/websrc/app/common/styles/app/badge.scss:39:6:
green() is deprecated. Suggestion:

color.channel($color, "green", $space: rgb)

More info: https://sass-lang.com/d/color-functions

39 |   $g: green($color);


websrc\app\common\styles\app\badge.scss 40:7   color-yiq()
websrc\app\common\styles\app\badge.scss 20:10  badge-variant()
websrc\app\common\styles\app\badge.scss 115:5  @import
websrc\app\common\styles\app.scss 54:9         @import
websrc\styles.scss 14:9                        root stylesheet


./websrc/styles.scss - Warning: Module Warning (from ./node_modules/sass-loader/dist/cjs.js):
Deprecation Warning on line 40, column 6 of file:///D:/vscode/nv/manager/admin/webapp/websrc/app/common/styles/app/badge.scss:40:6:
blue() is deprecated. Suggestion:

color.channel($color, "blue", $space: rgb)

More info: https://sass-lang.com/d/color-functions

40 |   $b: blue($color);


websrc\app\common\styles\app\badge.scss 41:7   color-yiq()
websrc\app\common\styles\app\badge.scss 20:10  badge-variant()
websrc\app\common\styles\app\badge.scss 115:5  @import
websrc\app\common\styles\app.scss 54:9         @import
websrc\styles.scss 14:9                        root stylesheet


./websrc/styles.scss - Warning: Module Warning (from ./node_modules/sass-loader/dist/cjs.js):
Deprecation Warning on line 164, column 2 of file:///D:/vscode/nv/manager/admin/webapp/websrc/app/common/styles/app/common.scss:164:2:
Sass's behavior for declarations that appear after nested
rules will be changing to match the behavior specified by CSS in an upcoming
version. To keep the existing behavior, move the declaration above the nested
rule. To opt into the new behavior, wrap the declaration in `& {}`.

More info: https://sass-lang.com/d/mixed-decls

164 |   min-width: 75px;


websrc\app\common\styles\app\common.scss 165:3  @import
websrc\app\common\styles\app.scss 53:9          @import
websrc\styles.scss 14:9                         root stylesheet


./websrc/styles.scss - Warning: Module Warning (from ./node_modules/sass-loader/dist/cjs.js):
Deprecation Warning on line 164, column 2 of file:///D:/vscode/nv/manager/admin/webapp/websrc/app/common/styles/app/common.scss:164:2:
Sass's behavior for declarations that appear after nested
rules will be changing to match the behavior specified by CSS in an upcoming
version. To keep the existing behavior, move the declaration above the nested
rule. To opt into the new behavior, wrap the declaration in `& {}`.

More info: https://sass-lang.com/d/mixed-decls

164 |   min-width: 75px;


websrc\app\common\styles\app\common.scss 165:3  @import
websrc\app\common\styles\app.scss 53:9          @import
websrc\styles.scss 14:9                         root stylesheet


./websrc/styles.scss - Warning: Module Warning (from ./node_modules/sass-loader/dist/cjs.js):
Deprecation Warning on line 165, column 2 of file:///D:/vscode/nv/manager/admin/webapp/websrc/app/common/styles/app/common.scss:165:2:
Sass's behavior for declarations that appear after nested
rules will be changing to match the behavior specified by CSS in an upcoming
version. To keep the existing behavior, move the declaration above the nested
rule. To opt into the new behavior, wrap the declaration in `& {}`.

More info: https://sass-lang.com/d/mixed-decls

165 |   border-radius: 4px;


websrc\app\common\styles\app\common.scss 166:3  @import
websrc\app\common\styles\app.scss 53:9          @import
websrc\styles.scss 14:9                         root stylesheet


./websrc/styles.scss - Warning: Module Warning (from ./node_modules/sass-loader/dist/cjs.js):
Deprecation Warning on line 165, column 2 of file:///D:/vscode/nv/manager/admin/webapp/websrc/app/common/styles/app/common.scss:165:2:
Sass's behavior for declarations that appear after nested
rules will be changing to match the behavior specified by CSS in an upcoming
version. To keep the existing behavior, move the declaration above the nested
rule. To opt into the new behavior, wrap the declaration in `& {}`.

More info: https://sass-lang.com/d/mixed-decls

165 |   border-radius: 4px;


websrc\app\common\styles\app\common.scss 166:3  @import
websrc\app\common\styles\app.scss 53:9          @import
websrc\styles.scss 14:9                         root stylesheet


./websrc/styles.scss - Warning: Module Warning (from ./node_modules/sass-loader/dist/cjs.js):
Deprecation Warning on line 166, column 2 of file:///D:/vscode/nv/manager/admin/webapp/websrc/app/common/styles/app/common.scss:166:2:
Sass's behavior for declarations that appear after nested
rules will be changing to match the behavior specified by CSS in an upcoming
version. To keep the existing behavior, move the declaration above the nested
rule. To opt into the new behavior, wrap the declaration in `& {}`.

More info: https://sass-lang.com/d/mixed-decls

166 |   text-align: center;


websrc\app\common\styles\app\common.scss 167:3  @import
websrc\app\common\styles\app.scss 53:9          @import
websrc\styles.scss 14:9                         root stylesheet


./websrc/styles.scss - Warning: Module Warning (from ./node_modules/sass-loader/dist/cjs.js):
Deprecation Warning on line 209, column 23 of file:///D:/vscode/nv/manager/admin/webapp/websrc/app/common/styles/app/variables.scss:209:23:
Global built-in functions are deprecated and will be removed in Dart Sass 3.0.0.
Use math.floor instead.

More info and automated migrator: https://sass-lang.com/d/import

209 | $line-height-computed: floor(($font-size-base * $line-height-base)) !default;


websrc\app\common\styles\app\variables.scss 210:24  @forward
websrc\styles.scss 8:1                              root stylesheet


./websrc/styles.scss - Warning: Module Warning (from ./node_modules/sass-loader/dist/cjs.js):
Deprecation Warning on line 215, column 2 of file:///D:/vscode/nv/manager/admin/webapp/websrc/app/common/styles/app/variables.scss:215:2:
Global built-in functions are deprecated and will be removed in Dart Sass 3.0.0.
Use math.ceil instead.

More info and automated migrator: https://sass-lang.com/d/import

215 |   ceil($font-size-lg * $line-height-large) + ($padding-large-vertical * 2) + 2


websrc\app\common\styles\app\variables.scss 216:3  @forward
websrc\styles.scss 8:1                             root stylesheet


./websrc/styles.scss - Warning: Module Warning (from ./node_modules/sass-loader/dist/cjs.js):
Deprecation Warning on line 219, column 2 of file:///D:/vscode/nv/manager/admin/webapp/websrc/app/common/styles/app/variables.scss:219:2:
Global built-in functions are deprecated and will be removed in Dart Sass 3.0.0.
Use math.floor instead.

More info and automated migrator: https://sass-lang.com/d/import

219 |   floor($font-size-sm * $line-height-small) + ($padding-small-vertical * 2) + 2


websrc\app\common\styles\app\variables.scss 220:3  @forward
websrc\styles.scss 8:1                             root stylesheet


./websrc/styles.scss - Warning: Module Warning (from ./node_modules/sass-loader/dist/cjs.js):
250 repetitive deprecation warnings omitted.
Run in verbose mode to see all warnings.

[39m[22m
√ Browser application bundle generation complete.
√ Browser application bundle generation complete.
√ Browser application bundle generation complete.
√ Browser application bundle generation complete.
√ Browser application bundle generation complete.
[1m[33m
Warning: [96mwebsrc/app/routes/dashboard/dashboard.component.html[0m:[93m24[0m:[93m27[0m - [93mwarning[0m[90m NG8107: [0mThe left side of this optional chain operation does not include 'null' or 'undefined' in its type, therefore the '?.' operator can be replaced with the '.' operator.

[7m24[0m           {{ summaryInfo?.platform || 'Kubernetes' }}
[7m  [0m [93m                          ~~~~~~~~[0m

  [96mwebsrc/app/routes/dashboard/dashboard.component.ts[0m:[93m22[0m:[93m16[0m
    [7m22[0m   templateUrl: './dashboard.component.html',
    [7m  [0m [96m               ~~~~~~~~~~~~~~~~~~~~~~~~~~~~[0m
    Warning occurs in the template of component DashboardComponent.


[39m[22m
√ Browser application bundle generation complete.
[1m[33m
Warning: [96mwebsrc/app/routes/dashboard/dashboard.component.html[0m:[93m24[0m:[93m27[0m - [93mwarning[0m[90m NG8107: [0mThe left side of this optional chain operation does not include 'null' or 'undefined' in its type, therefore the '?.' operator can be replaced with the '.' operator.

[7m24[0m           {{ summaryInfo?.platform || 'Kubernetes' }}
[7m  [0m [93m                          ~~~~~~~~[0m

  [96mwebsrc/app/routes/dashboard/dashboard.component.ts[0m:[93m22[0m:[93m16[0m
    [7m22[0m   templateUrl: './dashboard.component.html',
    [7m  [0m [96m               ~~~~~~~~~~~~~~~~~~~~~~~~~~~~[0m
    Warning occurs in the template of component DashboardComponent.


[39m[22m
√ Browser application bundle generation complete.
√ Browser application bundle generation complete.
[1m[33m
./websrc/styles.scss - Warning: Module Warning (from ./node_modules/sass-loader/dist/cjs.js):
Angular Material themes should be created from a map containing the keys "color", "typography", and "density". The color value should be a map containing the palette values for "primary", "accent", and "warn". See https://material.angular.dev/guide/theming for more information.

node_modules\@angular\material\core\m2\_theming.scss 177:5   -define-theme()
node_modules\@angular\material\core\m2\_theming.scss 235:11  define-light-theme()
websrc\material-theme.scss 74:9                              @use
websrc\styles.scss 4:1                                       root stylesheet


./websrc/styles.scss - Warning: Module Warning (from ./node_modules/sass-loader/dist/cjs.js):
Deprecation Warning on line 1, column 26 of file:///D:/vscode/nv/manager/admin/webapp/websrc/app/common/styles/app/offsidebar.scss:1:26:
Global built-in functions are deprecated and will be removed in Dart Sass 3.0.0.
Use color.grayscale instead.

More info and automated migrator: https://sass-lang.com/d/import

1 | $offsidebar-border-color: grayscale(darken($offsidebar-bg, 20%));


websrc\app\common\styles\app\offsidebar.scss 2:27  @import
websrc\app\common\styles\app.scss 34:9             @import
websrc\styles.scss 14:9                            root stylesheet


./websrc/styles.scss - Warning: Module Warning (from ./node_modules/sass-loader/dist/cjs.js):
Deprecation Warning on line 1, column 36 of file:///D:/vscode/nv/manager/admin/webapp/websrc/app/common/styles/app/offsidebar.scss:1:36:
Global built-in functions are deprecated and will be removed in Dart Sass 3.0.0.
Use color.adjust instead.

More info and automated migrator: https://sass-lang.com/d/import

1 | $offsidebar-border-color: grayscale(darken($offsidebar-bg, 20%));


websrc\app\common\styles\app\offsidebar.scss 2:37  @import
websrc\app\common\styles\app.scss 34:9             @import
websrc\styles.scss 14:9                            root stylesheet


./websrc/styles.scss - Warning: Module Warning (from ./node_modules/sass-loader/dist/cjs.js):
Deprecation Warning on line 1, column 36 of file:///D:/vscode/nv/manager/admin/webapp/websrc/app/common/styles/app/offsidebar.scss:1:36:
darken() is deprecated. Suggestions:

color.scale($color, $lightness: -20%)
color.adjust($color, $lightness: -20%)

More info: https://sass-lang.com/d/color-functions

1 | $offsidebar-border-color: grayscale(darken($offsidebar-bg, 20%));


websrc\app\common\styles\app\offsidebar.scss 2:37  @import
websrc\app\common\styles\app.scss 34:9             @import
websrc\styles.scss 14:9                            root stylesheet


./websrc/styles.scss - Warning: Module Warning (from ./node_modules/sass-loader/dist/cjs.js):
Deprecation Warning on line 9, column 8 of file:///D:/vscode/nv/manager/admin/webapp/websrc/app/common/styles/app.scss:9:8:
Sass @import rules are deprecated and will be removed in Dart Sass 3.0.0.

More info and automated migrator: https://sass-lang.com/d/import

9 | @import 'googleapis/material_icons';


websrc\app\common\styles\app.scss 10:9  @import
websrc\styles.scss 14:9                 root stylesheet


./websrc/styles.scss - Warning: Module Warning (from ./node_modules/sass-loader/dist/cjs.js):
Deprecation Warning on line 10, column 8 of file:///D:/vscode/nv/manager/admin/webapp/websrc/app/common/styles/app.scss:10:8:
Sass @import rules are deprecated and will be removed in Dart Sass 3.0.0.

More info and automated migrator: https://sass-lang.com/d/import

10 | @import 'googleapis/lato';


websrc\app\common\styles\app.scss 11:9  @import
websrc\styles.scss 14:9                 root stylesheet


./websrc/styles.scss - Warning: Module Warning (from ./node_modules/sass-loader/dist/cjs.js):
Deprecation Warning on line 11, column 8 of file:///D:/vscode/nv/manager/admin/webapp/websrc/app/common/styles/app.scss:11:8:
Sass @import rules are deprecated and will be removed in Dart Sass 3.0.0.

More info and automated migrator: https://sass-lang.com/d/import

11 | @import 'googleapis/poppins';


websrc\app\common\styles\app.scss 12:9  @import
websrc\styles.scss 14:9                 root stylesheet


./websrc/styles.scss - Warning: Module Warning (from ./node_modules/sass-loader/dist/cjs.js):
Deprecation Warning on line 13, column 8 of file:///D:/vscode/nv/manager/admin/webapp/websrc/styles.scss:13:8:
Sass @import rules are deprecated and will be removed in Dart Sass 3.0.0.

More info and automated migrator: https://sass-lang.com/d/import

13 | @import "./app/common/styles/app.scss";


websrc\styles.scss 14:9  root stylesheet


./websrc/styles.scss - Warning: Module Warning (from ./node_modules/sass-loader/dist/cjs.js):
Deprecation Warning on line 22, column 8 of file:///D:/vscode/nv/manager/admin/webapp/websrc/styles.scss:22:8:
Sass @import rules are deprecated and will be removed in Dart Sass 3.0.0.

More info and automated migrator: https://sass-lang.com/d/import

22 | @import "ngx-toastr/toastr";


websrc\styles.scss 23:9  root stylesheet


./websrc/styles.scss - Warning: Module Warning (from ./node_modules/sass-loader/dist/cjs.js):
Deprecation Warning on line 25, column 24 of file:///D:/vscode/nv/manager/admin/webapp/websrc/app/common/styles/app/badge.scss:25:24:
darken() is deprecated. Suggestions:

color.scale($color, $lightness: -18.4115523466%)
color.adjust($color, $lightness: -10%)

More info: https://sass-lang.com/d/color-functions

25 |       background-color: darken($bg, 10%);


websrc\app\common\styles\app\badge.scss 26:25  @content
websrc\app\common\styles\app\badge.scss 15:5   hover-focus()
websrc\app\common\styles\app\badge.scss 24:5   badge-variant()
websrc\app\common\styles\app\badge.scss 115:5  @import
websrc\app\common\styles\app.scss 54:9         @import
websrc\styles.scss 14:9                        root stylesheet


./websrc/styles.scss - Warning: Module Warning (from ./node_modules/sass-loader/dist/cjs.js):
Deprecation Warning on line 38, column 6 of file:///D:/vscode/nv/manager/admin/webapp/websrc/app/common/styles/app/badge.scss:38:6:
red() is deprecated. Suggestion:

color.channel($color, "red", $space: rgb)

More info: https://sass-lang.com/d/color-functions

38 |   $r: red($color);


websrc\app\common\styles\app\badge.scss 39:7   color-yiq()
websrc\app\common\styles\app\badge.scss 20:10  badge-variant()
websrc\app\common\styles\app\badge.scss 115:5  @import
websrc\app\common\styles\app.scss 54:9         @import
websrc\styles.scss 14:9                        root stylesheet


./websrc/styles.scss - Warning: Module Warning (from ./node_modules/sass-loader/dist/cjs.js):
Deprecation Warning on line 39, column 6 of file:///D:/vscode/nv/manager/admin/webapp/websrc/app/common/styles/app/badge.scss:39:6:
green() is deprecated. Suggestion:

color.channel($color, "green", $space: rgb)

More info: https://sass-lang.com/d/color-functions

39 |   $g: green($color);


websrc\app\common\styles\app\badge.scss 40:7   color-yiq()
websrc\app\common\styles\app\badge.scss 20:10  badge-variant()
websrc\app\common\styles\app\badge.scss 115:5  @import
websrc\app\common\styles\app.scss 54:9         @import
websrc\styles.scss 14:9                        root stylesheet


./websrc/styles.scss - Warning: Module Warning (from ./node_modules/sass-loader/dist/cjs.js):
Deprecation Warning on line 40, column 6 of file:///D:/vscode/nv/manager/admin/webapp/websrc/app/common/styles/app/badge.scss:40:6:
blue() is deprecated. Suggestion:

color.channel($color, "blue", $space: rgb)

More info: https://sass-lang.com/d/color-functions

40 |   $b: blue($color);


websrc\app\common\styles\app\badge.scss 41:7   color-yiq()
websrc\app\common\styles\app\badge.scss 20:10  badge-variant()
websrc\app\common\styles\app\badge.scss 115:5  @import
websrc\app\common\styles\app.scss 54:9         @import
websrc\styles.scss 14:9                        root stylesheet


./websrc/styles.scss - Warning: Module Warning (from ./node_modules/sass-loader/dist/cjs.js):
Deprecation Warning on line 164, column 2 of file:///D:/vscode/nv/manager/admin/webapp/websrc/app/common/styles/app/common.scss:164:2:
Sass's behavior for declarations that appear after nested
rules will be changing to match the behavior specified by CSS in an upcoming
version. To keep the existing behavior, move the declaration above the nested
rule. To opt into the new behavior, wrap the declaration in `& {}`.

More info: https://sass-lang.com/d/mixed-decls

164 |   min-width: 75px;


websrc\app\common\styles\app\common.scss 165:3  @import
websrc\app\common\styles\app.scss 53:9          @import
websrc\styles.scss 14:9                         root stylesheet


./websrc/styles.scss - Warning: Module Warning (from ./node_modules/sass-loader/dist/cjs.js):
Deprecation Warning on line 164, column 2 of file:///D:/vscode/nv/manager/admin/webapp/websrc/app/common/styles/app/common.scss:164:2:
Sass's behavior for declarations that appear after nested
rules will be changing to match the behavior specified by CSS in an upcoming
version. To keep the existing behavior, move the declaration above the nested
rule. To opt into the new behavior, wrap the declaration in `& {}`.

More info: https://sass-lang.com/d/mixed-decls

164 |   min-width: 75px;


websrc\app\common\styles\app\common.scss 165:3  @import
websrc\app\common\styles\app.scss 53:9          @import
websrc\styles.scss 14:9                         root stylesheet


./websrc/styles.scss - Warning: Module Warning (from ./node_modules/sass-loader/dist/cjs.js):
Deprecation Warning on line 165, column 2 of file:///D:/vscode/nv/manager/admin/webapp/websrc/app/common/styles/app/common.scss:165:2:
Sass's behavior for declarations that appear after nested
rules will be changing to match the behavior specified by CSS in an upcoming
version. To keep the existing behavior, move the declaration above the nested
rule. To opt into the new behavior, wrap the declaration in `& {}`.

More info: https://sass-lang.com/d/mixed-decls

165 |   border-radius: 4px;


websrc\app\common\styles\app\common.scss 166:3  @import
websrc\app\common\styles\app.scss 53:9          @import
websrc\styles.scss 14:9                         root stylesheet


./websrc/styles.scss - Warning: Module Warning (from ./node_modules/sass-loader/dist/cjs.js):
Deprecation Warning on line 165, column 2 of file:///D:/vscode/nv/manager/admin/webapp/websrc/app/common/styles/app/common.scss:165:2:
Sass's behavior for declarations that appear after nested
rules will be changing to match the behavior specified by CSS in an upcoming
version. To keep the existing behavior, move the declaration above the nested
rule. To opt into the new behavior, wrap the declaration in `& {}`.

More info: https://sass-lang.com/d/mixed-decls

165 |   border-radius: 4px;


websrc\app\common\styles\app\common.scss 166:3  @import
websrc\app\common\styles\app.scss 53:9          @import
websrc\styles.scss 14:9                         root stylesheet


./websrc/styles.scss - Warning: Module Warning (from ./node_modules/sass-loader/dist/cjs.js):
Deprecation Warning on line 166, column 2 of file:///D:/vscode/nv/manager/admin/webapp/websrc/app/common/styles/app/common.scss:166:2:
Sass's behavior for declarations that appear after nested
rules will be changing to match the behavior specified by CSS in an upcoming
version. To keep the existing behavior, move the declaration above the nested
rule. To opt into the new behavior, wrap the declaration in `& {}`.

More info: https://sass-lang.com/d/mixed-decls

166 |   text-align: center;


websrc\app\common\styles\app\common.scss 167:3  @import
websrc\app\common\styles\app.scss 53:9          @import
websrc\styles.scss 14:9                         root stylesheet


./websrc/styles.scss - Warning: Module Warning (from ./node_modules/sass-loader/dist/cjs.js):
Deprecation Warning on line 209, column 23 of file:///D:/vscode/nv/manager/admin/webapp/websrc/app/common/styles/app/variables.scss:209:23:
Global built-in functions are deprecated and will be removed in Dart Sass 3.0.0.
Use math.floor instead.

More info and automated migrator: https://sass-lang.com/d/import

209 | $line-height-computed: floor(($font-size-base * $line-height-base)) !default;


websrc\app\common\styles\app\variables.scss 210:24  @forward
websrc\styles.scss 8:1                              root stylesheet


./websrc/styles.scss - Warning: Module Warning (from ./node_modules/sass-loader/dist/cjs.js):
Deprecation Warning on line 215, column 2 of file:///D:/vscode/nv/manager/admin/webapp/websrc/app/common/styles/app/variables.scss:215:2:
Global built-in functions are deprecated and will be removed in Dart Sass 3.0.0.
Use math.ceil instead.

More info and automated migrator: https://sass-lang.com/d/import

215 |   ceil($font-size-lg * $line-height-large) + ($padding-large-vertical * 2) + 2


websrc\app\common\styles\app\variables.scss 216:3  @forward
websrc\styles.scss 8:1                             root stylesheet


./websrc/styles.scss - Warning: Module Warning (from ./node_modules/sass-loader/dist/cjs.js):
Deprecation Warning on line 219, column 2 of file:///D:/vscode/nv/manager/admin/webapp/websrc/app/common/styles/app/variables.scss:219:2:
Global built-in functions are deprecated and will be removed in Dart Sass 3.0.0.
Use math.floor instead.

More info and automated migrator: https://sass-lang.com/d/import

219 |   floor($font-size-sm * $line-height-small) + ($padding-small-vertical * 2) + 2


websrc\app\common\styles\app\variables.scss 220:3  @forward
websrc\styles.scss 8:1                             root stylesheet


./websrc/styles.scss - Warning: Module Warning (from ./node_modules/sass-loader/dist/cjs.js):
250 repetitive deprecation warnings omitted.
Run in verbose mode to see all warnings.

[39m[22m
√ Browser application bundle generation complete.
√ Browser application bundle generation complete.
