
> neuvector@5.0.0 prebuild
> node merge-i18n.js


[1mInitial chunk files[22m                                                                                    [2m | [22m[1mNames[22m                                             [2m | [22m [1mRaw size[22m
[32mvendor.js[39m                                                                                              [2m | [22m[2mvendor[22m                                            [2m | [22m [36m16.41 MB[39m[2m | [22m
[32mmain.js[39m                                                                                                [2m | [22m[2mmain[22m                                              [2m | [22m  [36m3.41 MB[39m[2m | [22m
[32mstyles.css, styles.js[39m                                                                                  [2m | [22m[2mstyles[22m                                            [2m | [22m  [36m1.60 MB[39m[2m | [22m
[32mpolyfills.js[39m                                                                                           [2m | [22m[2mpolyfills[22m                                         [2m | [22m[36m316.53 kB[39m[2m | [22m
[32mruntime.js[39m                                                                                             [2m | [22m[2mruntime[22m                                           [2m | [22m [36m13.59 kB[39m[2m | [22m
[32mscripts.js[39m                                                                                             [2m | [22m[2mscripts[22m                                           [2m | [22m [36m13.33 kB[39m[2m | [22m

[1m [22m                                                                                                      [2m | [22m[1mInitial total[22m                                     [2m | [22m [1m21.76 MB[22m

[1mLazy chunk files[22m                                                                                       [2m | [22m[1mNames[22m                                             [2m | [22m [1mRaw size[22m
[32mwebsrc_app_routes_network-activities_network-activities_module_ts.js[39m                                   [2m | [22m[2mnetwork-activities-network-activities-module[22m      [2m | [22m  [36m5.01 MB[39m[2m | [22m
[32mdefault-websrc_app_common_neuvector-formly_formly-errors_formly-errors_component_ts-websrc_ap-1fabfb.js[39m[2m | [22m[2mfederated-policy-federated-policy-module[22m          [2m | [22m  [36m1.32 MB[39m[2m | [22m
[32mwebsrc_app_routes_components_export-options-modal_export-options-modal_module_ts-websrc_app_r-5100ec.js[39m[2m | [22m[2mdashboard-dashboard-module[22m                        [2m | [22m[36m752.16 kB[39m[2m | [22m
[32mdefault-node_modules_ng2-charts_fesm2020_ng2-charts_mjs.js[39m                                             [2m | [22m[2mfederated-policy-federated-policy-module[22m          [2m | [22m[36m609.56 kB[39m[2m | [22m
[32mdefault-node_modules_lodash_lodash_js.js[39m                                                               [2m | [22m[2mfederated-policy-federated-policy-module[22m          [2m | [22m[36m543.11 kB[39m[2m | [22m
[32mwebsrc_app_routes_registries_registries_module_ts.js[39m                                                   [2m | [22m[2mregistries-registries-module[22m                      [2m | [22m[36m441.51 kB[39m[2m | [22m
[32mwebsrc_app_routes_security-events_security-events_module_ts.js[39m                                         [2m | [22m[2msecurity-events-security-events-module[22m            [2m | [22m[36m431.13 kB[39m[2m | [22m
[32mwebsrc_app_routes_settings_users_users_module_ts.js[39m                                                    [2m | [22m[2musers-users-module[22m                                [2m | [22m[36m402.04 kB[39m[2m | [22m
[32mdefault-websrc_app_routes_components_group-details_group-details_module_ts.js[39m                          [2m | [22m[2mfederated-policy-federated-policy-module[22m          [2m | [22m[36m342.40 kB[39m[2m | [22m
[32mwebsrc_app_routes_vulnerabilities_vulnerabilities_module_ts.js[39m                                         [2m | [22m[2mvulnerabilities-vulnerabilities-module[22m            [2m | [22m[36m342.10 kB[39m[2m | [22m
[32mwebsrc_app_routes_compliance_compliance_module_ts.js[39m                                                   [2m | [22m[2mcompliance-compliance-module[22m                      [2m | [22m[36m330.15 kB[39m[2m | [22m
[32mdefault-websrc_app_common_directives_observe_observe_module_ts-websrc_app_routes_components_c-95a13e.js[39m[2m | [22m[2mvulnerabilities-vulnerabilities-module[22m            [2m | [22m[36m275.56 kB[39m[2m | [22m
[32mwebsrc_app_routes_risk-reports_risk-reports_module_ts.js[39m                                               [2m | [22m[2mrisk-reports-risk-reports-module[22m                  [2m | [22m[36m273.98 kB[39m[2m | [22m
[32mwebsrc_app_routes_multi-cluster_multi-cluster_module_ts.js[39m                                             [2m | [22m[2mmulti-cluster-multi-cluster-module[22m                [2m | [22m[36m245.30 kB[39m[2m | [22m
[32mwebsrc_app_routes_compliance-profile_compliance-profile_module_ts.js[39m                                   [2m | [22m[2mcompliance-profile-compliance-profile-module[22m      [2m | [22m[36m225.41 kB[39m[2m | [22m
[32mdefault-websrc_app_routes_components_admission-rules_admission-rules_module_ts.js[39m                      [2m | [22m[2mfederated-policy-federated-policy-module[22m          [2m | [22m[36m181.69 kB[39m[2m | [22m
[32mwebsrc_app_routes_events_events_module_ts.js[39m                                                           [2m | [22m[2mevents-events-module[22m                              [2m | [22m[36m164.53 kB[39m[2m | [22m
[32mdefault-node_modules_angular-slider_ngx-slider_fesm2022_angular-slider-ngx-slider_mjs.js[39m               [2m | [22m[2mfederated-policy-federated-policy-module[22m          [2m | [22m[36m161.00 kB[39m[2m | [22m
[32mwebsrc_app_routes_system-components_system-components_module_ts.js[39m                                     [2m | [22m[2msystem-components-system-components-module[22m        [2m | [22m[36m160.72 kB[39m[2m | [22m
[32mwebsrc_app_routes_vulnerability-profile_vulnerability-profile_module_ts.js[39m                             [2m | [22m[2mvulnerability-profile-vulnerability-profile-module[22m[2m | [22m[36m150.98 kB[39m[2m | [22m
[32mwebsrc_app_routes_settings_configuration_configuration_module_ts.js[39m                                    [2m | [22m[2mconfiguration-configuration-module[22m                [2m | [22m[36m143.72 kB[39m[2m | [22m
[32mwebsrc_app_routes_containers_containers_module_ts.js[39m                                                   [2m | [22m[2mcontainers-containers-module[22m                      [2m | [22m[36m134.74 kB[39m[2m | [22m
[32mwebsrc_app_routes_federated-policy_federated-policy_module_ts.js[39m                                       [2m | [22m[2mfederated-policy-federated-policy-module[22m          [2m | [22m[36m131.32 kB[39m[2m | [22m
[32mdefault-websrc_app_routes_components_network-rules_network-rules_module_ts.js[39m                          [2m | [22m[2mfederated-policy-federated-policy-module[22m          [2m | [22m[36m121.43 kB[39m[2m | [22m
[32mdefault-websrc_app_routes_components_groups_groups_module_ts.js[39m                                        [2m | [22m[2mfederated-policy-federated-policy-module[22m          [2m | [22m[36m117.43 kB[39m[2m | [22m
[32mwebsrc_app_routes_nodes_nodes_module_ts.js[39m                                                             [2m | [22m[2mnodes-nodes-module[22m                                [2m | [22m[36m108.57 kB[39m[2m | [22m
[32mwebsrc_app_routes_platforms_platforms_module_ts.js[39m                                                     [2m | [22m[2mplatforms-platforms-module[22m                        [2m | [22m[36m107.64 kB[39m[2m | [22m
[32mwebsrc_app_routes_settings_ldap_ldap_module_ts.js[39m                                                      [2m | [22m[2mldap-ldap-module[22m                                  [2m | [22m [36m96.05 kB[39m[2m | [22m
[32mdefault-websrc_app_routes_components_ui_loading-template_loading-template_module_ts-websrc_ap-8d700b.js[39m[2m | [22m[2musers-users-module[22m                                [2m | [22m [36m90.75 kB[39m[2m | [22m
[32mdefault-websrc_app_routes_components_ui_assets-scan-report-button_assets-scan-report-button-m-17e6f0.js[39m[2m | [22m[2mnodes-nodes-module[22m                                [2m | [22m [36m79.88 kB[39m[2m | [22m
[32mwebsrc_app_routes_namespaces_namespaces_module_ts.js[39m                                                   [2m | [22m[2mnamespaces-namespaces-module[22m                      [2m | [22m [36m76.49 kB[39m[2m | [22m
[32mdefault-websrc_app_routes_components_quick-filter_quick-filter_module_ts-websrc_app_routes_co-54bea6.js[39m[2m | [22m[2mfederated-policy-federated-policy-module[22m          [2m | [22m [36m75.66 kB[39m[2m | [22m
[32mwebsrc_app_routes_settings_saml_saml_module_ts.js[39m                                                      [2m | [22m[2msaml-saml-module[22m                                  [2m | [22m [36m64.60 kB[39m[2m | [22m
[32mwebsrc_app_routes_settings_openid_openid_module_ts.js[39m                                                  [2m | [22m[2mopenid-openid-module[22m                              [2m | [22m [36m61.06 kB[39m[2m | [22m
[32mdefault-websrc_app_routes_components_response-rules_response-rules_module_ts.js[39m                        [2m | [22m[2mfederated-policy-federated-policy-module[22m          [2m | [22m [36m57.41 kB[39m[2m | [22m
[32mdefault-websrc_app_routes_components_export-options_export-options_module_ts-websrc_app_route-2d96fe.js[39m[2m | [22m[2mdashboard-dashboard-module[22m                        [2m | [22m [36m55.39 kB[39m[2m | [22m
[32mwebsrc_app_routes_signature-verifiers_signature-verifiers_module_ts.js[39m                                 [2m | [22m[2msignature-verifiers-signature-verifiers-module[22m    [2m | [22m [36m54.42 kB[39m[2m | [22m
[32mwebsrc_app_routes_settings_profile_profile_module_ts.js[39m                                                [2m | [22m[2msettings-profile-profile-module[22m                   [2m | [22m [36m53.79 kB[39m[2m | [22m
[32mdefault-websrc_app_routes_components_containers-grid_containers-grid_module_ts.js[39m                      [2m | [22m[2mfederated-policy-federated-policy-module[22m          [2m | [22m [36m51.69 kB[39m[2m | [22m
[32mdefault-websrc_app_routes_components_dlp-sensors_dlp-sensors_module_ts.js[39m                              [2m | [22m[2mfederated-policy-federated-policy-module[22m          [2m | [22m [36m50.38 kB[39m[2m | [22m
[32mdefault-websrc_app_routes_components_compliance-grid_compliance-grid_module_ts-websrc_app_rou-f394d2.js[39m[2m | [22m[2mnodes-nodes-module[22m                                [2m | [22m [36m49.75 kB[39m[2m | [22m
[32mdefault-websrc_app_routes_components_waf-sensors_waf-sensors_module_ts.js[39m                              [2m | [22m[2mfederated-policy-federated-policy-module[22m          [2m | [22m [36m48.91 kB[39m[2m | [22m
[32mdefault-websrc_app_routes_components_container-detail_container-detail_module_ts.js[39m                    [2m | [22m[2mdashboard-dashboard-module[22m                        [2m | [22m [36m46.96 kB[39m[2m | [22m
[32mwebsrc_app_routes_settings_settings_module_ts.js[39m                                                       [2m | [22m[2msettings-settings-module[22m                          [2m | [22m [36m43.67 kB[39m[2m | [22m
[32mdefault-websrc_app_routes_components_vulnerabilities-grid_vulnerabilities-grid_module_ts.js[39m            [2m | [22m[2mnetwork-activities-network-activities-module[22m      [2m | [22m [36m43.25 kB[39m[2m | [22m
[32mdefault-websrc_app_routes_components_nodes-grid_nodes-grid_module_ts.js[39m                                [2m | [22m[2mfederated-policy-federated-policy-module[22m          [2m | [22m [36m40.15 kB[39m[2m | [22m
[32mdefault-websrc_app_routes_settings_configuration_export-form_export-form_module_ts.js[39m                  [2m | [22m[2mfederated-policy-federated-policy-module[22m          [2m | [22m [36m37.26 kB[39m[2m | [22m
[32mdefault-websrc_app_routes_components_enforcers-grid_enforcers-grid_module_ts-websrc_app_route-61a48b.js[39m[2m | [22m[2msystem-components-system-components-module[22m        [2m | [22m [36m34.26 kB[39m[2m | [22m
[32mwebsrc_app_common_services_federated-configuration_service_ts-websrc_app_routes_groups-page_g-5bd92a.js[39m[2m | [22m[2mgroups-page-groups-page-module[22m                    [2m | [22m [36m33.09 kB[39m[2m | [22m
[32mdefault-websrc_app_routes_components_node-brief_node-brief-dialog_node-brief-dialog_component_ts.js[39m    [2m | [22m[2mnetwork-activities-network-activities-module[22m      [2m | [22m [36m30.50 kB[39m[2m | [22m
[32mwebsrc_app_routes_support_support_module_ts.js[39m                                                         [2m | [22m[2msupport-support-module[22m                            [2m | [22m [36m25.21 kB[39m[2m | [22m
[32mdefault-websrc_app_routes_components_compliance-grid_compliance-grid-category-cell_compliance-0b1b08.js[39m[2m | [22m[2mnodes-nodes-module[22m                                [2m | [22m [36m25.11 kB[39m[2m | [22m
[32mdefault-websrc_app_routes_components_export-options-modal_export-options-modal_module_ts-webs-74f2db.js[39m[2m | [22m[2mfederated-policy-federated-policy-module[22m          [2m | [22m [36m24.14 kB[39m[2m | [22m
[32mwebsrc_app_routes_admission-rules-page_admission-rules-page_module_ts-websrc_app_routes_compo-0b99ab.js[39m[2m | [22m[2madmission-rules-page-admission-rules-page-module[22m  [2m | [22m [36m23.97 kB[39m[2m | [22m
[32mdefault-websrc_app_routes_components_export-options_export-options_component_ts.js[39m                     [2m | [22m[2mfederated-policy-federated-policy-module[22m          [2m | [22m [36m21.05 kB[39m[2m | [22m
[32mcommon.js[39m                                                                                              [2m | [22m[2mcommon[22m                                            [2m | [22m [36m19.13 kB[39m[2m | [22m
[32mwebsrc_app_routes_components_quick-filter_quick-filter_module_ts-websrc_app_routes_network-ru-afcfe3.js[39m[2m | [22m[2mnetwork-rules-page-network-rules-page-module[22m      [2m | [22m [36m18.73 kB[39m[2m | [22m
[32mwebsrc_app_routes_dashboard_thread-services_dashboard-exposure-conversations_worker_ts.js[39m              [2m | [22m[2m-[22m                                                 [2m | [22m [36m18.49 kB[39m[2m | [22m
[32mwebsrc_app_routes_components_export-options-modal_export-options-modal_component_ts-websrc_ap-a75771.js[39m[2m | [22m[2mwaf-sensors-page-waf-sensors-page-module[22m          [2m | [22m [36m17.60 kB[39m[2m | [22m
[32mwebsrc_app_routes_components_export-options-modal_export-options-modal_component_ts-websrc_ap-22343d.js[39m[2m | [22m[2mdlp-sensors-page-dlp-sensors-page-module[22m          [2m | [22m [36m17.60 kB[39m[2m | [22m
[32mdefault-websrc_app_common_utils_rxjs_utils_ts-websrc_app_routes_settings_common_helpers_index-bc1d0a.js[39m[2m | [22m[2msaml-saml-module[22m                                  [2m | [22m [36m17.16 kB[39m[2m | [22m
[32mdefault-websrc_app_routes_components_container-stats_container-stats_module_ts.js[39m                      [2m | [22m[2mcontainers-containers-module[22m                      [2m | [22m [36m16.14 kB[39m[2m | [22m
[32mwebsrc_app_routes_response-rules-page_response-rules-page_module_ts.js[39m                                 [2m | [22m[2mresponse-rules-page-response-rules-page-module[22m    [2m | [22m  [36m5.51 kB[39m[2m | [22m

Build at: 2026-04-04T17:05:09.332Z - Hash: 77cc3a1c469ca97a - Time: 30815ms

** Angular Live Development Server is listening on 127.0.0.1:4200, open your browser on http://127.0.0.1:4200/ **


√ Compiled successfully.

[1mInitial chunk files[22m                           [2m | [22m[1mNames[22m                 [2m | [22m[1mRaw size[22m
[32mmain.js[39m                                       [2m | [22m[2mmain[22m                  [2m | [22m [36m3.41 MB[39m[2m | [22m
[32mruntime.js[39m                                    [2m | [22m[2mruntime[22m               [2m | [22m[36m13.59 kB[39m[2m | [22m

[1mLazy chunk files[22m                              [2m | [22m[1mNames[22m                 [2m | [22m[1mRaw size[22m
[32mwebsrc_app_routes_support_support_module_ts.js[39m[2m | [22m[2msupport-support-module[22m[2m | [22m[36m25.72 kB[39m[2m | [22m

66 unchanged chunks

Build at: 2026-04-04T17:12:45.965Z - Hash: bcbaf4e22051db28 - Time: 14425ms

√ Compiled successfully.

[1mInitial chunk files[22m[2m | [22m[1mNames[22m  [2m | [22m[1mRaw size[22m
[32mruntime.js[39m         [2m | [22m[2mruntime[22m[2m | [22m[36m13.59 kB[39m[2m | [22m

68 unchanged chunks

Build at: 2026-04-04T17:14:14.000Z - Hash: 3eb39cc892185ff0 - Time: 2417ms

√ Compiled successfully.



69 unchanged chunks

Build at: 2026-04-04T17:15:11.644Z - Hash: 3eb39cc892185ff0 - Time: 3090ms

√ Compiled successfully.



69 unchanged chunks

Build at: 2026-04-04T17:15:13.869Z - Hash: 3eb39cc892185ff0 - Time: 2081ms

√ Compiled successfully.

[1mInitial chunk files[22m[2m | [22m[1mNames[22m  [2m | [22m[1mRaw size[22m
[32mmain.js[39m            [2m | [22m[2mmain[22m   [2m | [22m [36m3.41 MB[39m[2m | [22m
[32mruntime.js[39m         [2m | [22m[2mruntime[22m[2m | [22m[36m13.59 kB[39m[2m | [22m

67 unchanged chunks

Build at: 2026-04-04T17:16:14.588Z - Hash: ab44686457a74eae - Time: 4803ms

√ Compiled successfully.



69 unchanged chunks

Build at: 2026-04-04T17:16:16.986Z - Hash: ab44686457a74eae - Time: 2272ms

√ Compiled successfully.



69 unchanged chunks

Build at: 2026-04-04T17:16:48.595Z - Hash: ab44686457a74eae - Time: 2498ms

√ Compiled successfully.



69 unchanged chunks

Build at: 2026-04-04T17:17:37.468Z - Hash: ab44686457a74eae - Time: 2116ms

√ Compiled successfully.



69 unchanged chunks

Build at: 2026-04-04T17:21:50.559Z - Hash: ab44686457a74eae - Time: 2210ms

√ Compiled successfully.



69 unchanged chunks

Build at: 2026-04-04T17:22:11.205Z - Hash: ab44686457a74eae - Time: 2188ms

√ Compiled successfully.

[1mInitial chunk files[22m                                 [2m | [22m[1mNames[22m                       [2m | [22m [1mRaw size[22m
[32mruntime.js[39m                                          [2m | [22m[2mruntime[22m                     [2m | [22m [36m13.59 kB[39m[2m | [22m

[1mLazy chunk files[22m                                    [2m | [22m[1mNames[22m                       [2m | [22m [1mRaw size[22m
[32mwebsrc_app_routes_registries_registries_module_ts.js[39m[2m | [22m[2mregistries-registries-module[22m[2m | [22m[36m441.53 kB[39m[2m | [22m

67 unchanged chunks

Build at: 2026-04-04T17:23:07.746Z - Hash: 681afe6be94b0b3b - Time: 4586ms

√ Compiled successfully.

[1mInitial chunk files[22m[2m | [22m[1mNames[22m  [2m | [22m[1mRaw size[22m
[32mmain.js[39m            [2m | [22m[2mmain[22m   [2m | [22m [36m3.41 MB[39m[2m | [22m
[32mruntime.js[39m         [2m | [22m[2mruntime[22m[2m | [22m[36m13.59 kB[39m[2m | [22m

67 unchanged chunks

Build at: 2026-04-04T17:26:47.204Z - Hash: 41856533b4bc1e79 - Time: 4317ms

√ Compiled successfully.

[1mInitial chunk files[22m                                 [2m | [22m[1mNames[22m                       [2m | [22m [1mRaw size[22m
[32mruntime.js[39m                                          [2m | [22m[2mruntime[22m                     [2m | [22m [36m13.59 kB[39m[2m | [22m

[1mLazy chunk files[22m                                    [2m | [22m[1mNames[22m                       [2m | [22m [1mRaw size[22m
[32mwebsrc_app_routes_registries_registries_module_ts.js[39m[2m | [22m[2mregistries-registries-module[22m[2m | [22m[36m441.56 kB[39m[2m | [22m

67 unchanged chunks

Build at: 2026-04-04T17:28:53.369Z - Hash: 79190f0a289533ac - Time: 2785ms

√ Compiled successfully.

[1mInitial chunk files[22m                                 [2m | [22m[1mNames[22m                       [2m | [22m [1mRaw size[22m
[32mmain.js[39m                                             [2m | [22m[2mmain[22m                        [2m | [22m  [36m3.41 MB[39m[2m | [22m
[32mruntime.js[39m                                          [2m | [22m[2mruntime[22m                     [2m | [22m [36m13.59 kB[39m[2m | [22m

[1mLazy chunk files[22m                                    [2m | [22m[1mNames[22m                       [2m | [22m [1mRaw size[22m
[32mwebsrc_app_routes_containers_containers_module_ts.js[39m[2m | [22m[2mcontainers-containers-module[22m[2m | [22m[36m137.43 kB[39m[2m | [22m

66 unchanged chunks

Build at: 2026-04-04T17:41:45.594Z - Hash: 4311ef475d122868 - Time: 4946ms

√ Compiled successfully.

[1mInitial chunk files[22m                                 [2m | [22m[1mNames[22m                       [2m | [22m [1mRaw size[22m
[32mruntime.js[39m                                          [2m | [22m[2mruntime[22m                     [2m | [22m [36m13.59 kB[39m[2m | [22m

[1mLazy chunk files[22m                                    [2m | [22m[1mNames[22m                       [2m | [22m [1mRaw size[22m
[32mwebsrc_app_routes_containers_containers_module_ts.js[39m[2m | [22m[2mcontainers-containers-module[22m[2m | [22m[36m171.61 kB[39m[2m | [22m

67 unchanged chunks

Build at: 2026-04-04T17:42:57.328Z - Hash: a57289c1ba296201 - Time: 4698ms

√ Compiled successfully.

[1mInitial chunk files[22m                                                              [2m | [22m[1mNames[22m                                   [2m | [22m [1mRaw size[22m
[32mruntime.js[39m                                                                       [2m | [22m[2mruntime[22m                                 [2m | [22m [36m13.59 kB[39m[2m | [22m

[1mLazy chunk files[22m                                                                 [2m | [22m[1mNames[22m                                   [2m | [22m [1mRaw size[22m
[32mwebsrc_app_routes_containers_containers_module_ts.js[39m                             [2m | [22m[2mcontainers-containers-module[22m            [2m | [22m[36m171.61 kB[39m[2m | [22m
[32mdefault-websrc_app_routes_components_containers-grid_containers-grid_module_ts.js[39m[2m | [22m[2mfederated-policy-federated-policy-module[22m[2m | [22m [36m53.35 kB[39m[2m | [22m

66 unchanged chunks

Build at: 2026-04-04T17:43:49.250Z - Hash: cd27f1f465a65353 - Time: 3298ms

√ Compiled successfully.

[1mInitial chunk files[22m                                                              [2m | [22m[1mNames[22m                                   [2m | [22m[1mRaw size[22m
[32mruntime.js[39m                                                                       [2m | [22m[2mruntime[22m                                 [2m | [22m[36m13.59 kB[39m[2m | [22m

[1mLazy chunk files[22m                                                                 [2m | [22m[1mNames[22m                                   [2m | [22m[1mRaw size[22m
[32mdefault-websrc_app_routes_components_containers-grid_containers-grid_module_ts.js[39m[2m | [22m[2mfederated-policy-federated-policy-module[22m[2m | [22m[36m61.56 kB[39m[2m | [22m

67 unchanged chunks

Build at: 2026-04-04T17:44:20.335Z - Hash: add1cdccdaef0252 - Time: 4743ms

√ Compiled successfully.

[1mInitial chunk files[22m                                 [2m | [22m[1mNames[22m                       [2m | [22m [1mRaw size[22m
[32mruntime.js[39m                                          [2m | [22m[2mruntime[22m                     [2m | [22m [36m13.59 kB[39m[2m | [22m

[1mLazy chunk files[22m                                    [2m | [22m[1mNames[22m                       [2m | [22m [1mRaw size[22m
[32mwebsrc_app_routes_containers_containers_module_ts.js[39m[2m | [22m[2mcontainers-containers-module[22m[2m | [22m[36m192.44 kB[39m[2m | [22m

67 unchanged chunks

Build at: 2026-04-04T17:45:14.639Z - Hash: cc1a67f44c9fc2d0 - Time: 2492ms

√ Compiled successfully.

[1mInitial chunk files[22m                                 [2m | [22m[1mNames[22m                       [2m | [22m [1mRaw size[22m
[32mruntime.js[39m                                          [2m | [22m[2mruntime[22m                     [2m | [22m [36m13.59 kB[39m[2m | [22m

[1mLazy chunk files[22m                                    [2m | [22m[1mNames[22m                       [2m | [22m [1mRaw size[22m
[32mwebsrc_app_routes_containers_containers_module_ts.js[39m[2m | [22m[2mcontainers-containers-module[22m[2m | [22m[36m192.43 kB[39m[2m | [22m

67 unchanged chunks

Build at: 2026-04-04T17:45:30.628Z - Hash: 36d99e030014e9b6 - Time: 2547ms

√ Compiled successfully.

[1mInitial chunk files[22m                                                                [2m | [22m[1mNames[22m                     [2m | [22m[1mRaw size[22m
[32mruntime.js[39m                                                                         [2m | [22m[2mruntime[22m                   [2m | [22m[36m13.59 kB[39m[2m | [22m

[1mLazy chunk files[22m                                                                   [2m | [22m[1mNames[22m                     [2m | [22m[1mRaw size[22m
[32mdefault-websrc_app_routes_components_container-detail_container-detail_module_ts.js[39m[2m | [22m[2mdashboard-dashboard-module[22m[2m | [22m[36m47.64 kB[39m[2m | [22m

67 unchanged chunks

Build at: 2026-04-04T17:46:57.179Z - Hash: 181ab02f422f41d3 - Time: 4532ms

√ Compiled successfully.

[1mInitial chunk files[22m[2m | [22m[1mNames[22m  [2m | [22m[1mRaw size[22m
[32mruntime.js[39m         [2m | [22m[2mruntime[22m[2m | [22m[36m13.59 kB[39m[2m | [22m

68 unchanged chunks

Build at: 2026-04-04T17:47:25.686Z - Hash: a0cba326b79660a7 - Time: 4862ms

√ Compiled successfully.

[1mInitial chunk files[22m[2m | [22m[1mNames[22m  [2m | [22m[1mRaw size[22m
[32mruntime.js[39m         [2m | [22m[2mruntime[22m[2m | [22m[36m13.59 kB[39m[2m | [22m

68 unchanged chunks

Build at: 2026-04-04T17:47:46.637Z - Hash: 62f841b6d47d5c82 - Time: 4338ms

√ Compiled successfully.

[1mInitial chunk files[22m[2m | [22m[1mNames[22m  [2m | [22m[1mRaw size[22m
[32mmain.js[39m            [2m | [22m[2mmain[22m   [2m | [22m [36m3.41 MB[39m[2m | [22m
[32mruntime.js[39m         [2m | [22m[2mruntime[22m[2m | [22m[36m13.59 kB[39m[2m | [22m

67 unchanged chunks

Build at: 2026-04-04T17:48:04.437Z - Hash: 0ac19b9cba24388f - Time: 4451ms

√ Compiled successfully.



69 unchanged chunks

Build at: 2026-04-04T17:48:18.486Z - Hash: 0ac19b9cba24388f - Time: 2136ms

√ Compiled successfully.

[1mInitial chunk files[22m[2m | [22m[1mNames[22m  [2m | [22m[1mRaw size[22m
[32mmain.js[39m            [2m | [22m[2mmain[22m   [2m | [22m [36m3.41 MB[39m[2m | [22m
[32mruntime.js[39m         [2m | [22m[2mruntime[22m[2m | [22m[36m13.59 kB[39m[2m | [22m

67 unchanged chunks

Build at: 2026-04-04T17:52:18.509Z - Hash: 25356337e2bf8fb2 - Time: 4658ms

√ Compiled successfully.

[1mInitial chunk files[22m                                 [2m | [22m[1mNames[22m                       [2m | [22m [1mRaw size[22m
[32mruntime.js[39m                                          [2m | [22m[2mruntime[22m                     [2m | [22m [36m13.59 kB[39m[2m | [22m

[1mLazy chunk files[22m                                    [2m | [22m[1mNames[22m                       [2m | [22m [1mRaw size[22m
[32mwebsrc_app_routes_containers_containers_module_ts.js[39m[2m | [22m[2mcontainers-containers-module[22m[2m | [22m[36m192.76 kB[39m[2m | [22m

67 unchanged chunks

Build at: 2026-04-04T17:58:11.434Z - Hash: 98510d0a599268ca - Time: 4647ms

√ Compiled successfully.

[1mInitial chunk files[22m                                                                                    [2m | [22m[1mNames[22m                     [2m | [22m [1mRaw size[22m
[32mruntime.js[39m                                                                                             [2m | [22m[2mruntime[22m                   [2m | [22m [36m13.59 kB[39m[2m | [22m

[1mLazy chunk files[22m                                                                                       [2m | [22m[1mNames[22m                     [2m | [22m [1mRaw size[22m
[32mwebsrc_app_routes_components_export-options-modal_export-options-modal_module_ts-websrc_app_r-5100ec.js[39m[2m | [22m[2mdashboard-dashboard-module[22m[2m | [22m[36m785.79 kB[39m[2m | [22m

67 unchanged chunks

Build at: 2026-04-05T00:55:29.869Z - Hash: 7a7485cb6e461e7b - Time: 4954ms

√ Compiled successfully.



69 unchanged chunks

Build at: 2026-04-05T00:55:38.742Z - Hash: 7a7485cb6e461e7b - Time: 2007ms

√ Compiled successfully.

[1mInitial chunk files[22m                                                                                    [2m | [22m[1mNames[22m                     [2m | [22m [1mRaw size[22m
[32mruntime.js[39m                                                                                             [2m | [22m[2mruntime[22m                   [2m | [22m [36m13.59 kB[39m[2m | [22m

[1mLazy chunk files[22m                                                                                       [2m | [22m[1mNames[22m                     [2m | [22m [1mRaw size[22m
[32mwebsrc_app_routes_components_export-options-modal_export-options-modal_module_ts-websrc_app_r-5100ec.js[39m[2m | [22m[2mdashboard-dashboard-module[22m[2m | [22m[36m785.80 kB[39m[2m | [22m

67 unchanged chunks

Build at: 2026-04-05T00:56:32.009Z - Hash: bc971cf30b18386c - Time: 2452ms

√ Compiled successfully.

[1mInitial chunk files[22m                                                                                    [2m | [22m[1mNames[22m                                       [2m | [22m [1mRaw size[22m
[32mmain.js[39m                                                                                                [2m | [22m[2mmain[22m                                        [2m | [22m  [36m3.41 MB[39m[2m | [22m
[32mruntime.js[39m                                                                                             [2m | [22m[2mruntime[22m                                     [2m | [22m [36m13.59 kB[39m[2m | [22m

[1mLazy chunk files[22m                                                                                       [2m | [22m[1mNames[22m                                       [2m | [22m [1mRaw size[22m
[32mwebsrc_app_routes_settings_users_users_module_ts.js[39m                                                    [2m | [22m[2musers-users-module[22m                          [2m | [22m[36m403.94 kB[39m[2m | [22m
[32mwebsrc_app_routes_vulnerabilities_vulnerabilities_module_ts.js[39m                                         [2m | [22m[2mvulnerabilities-vulnerabilities-module[22m      [2m | [22m[36m344.00 kB[39m[2m | [22m
[32mwebsrc_app_routes_risk-reports_risk-reports_module_ts.js[39m                                               [2m | [22m[2mrisk-reports-risk-reports-module[22m            [2m | [22m[36m275.88 kB[39m[2m | [22m
[32mwebsrc_app_routes_multi-cluster_multi-cluster_module_ts.js[39m                                             [2m | [22m[2mmulti-cluster-multi-cluster-module[22m          [2m | [22m[36m247.20 kB[39m[2m | [22m
[32mwebsrc_app_routes_containers_containers_module_ts.js[39m                                                   [2m | [22m[2mcontainers-containers-module[22m                [2m | [22m[36m192.76 kB[39m[2m | [22m
[32mwebsrc_app_routes_events_events_module_ts.js[39m                                                           [2m | [22m[2mevents-events-module[22m                        [2m | [22m[36m166.43 kB[39m[2m | [22m
[32mwebsrc_app_routes_system-components_system-components_module_ts.js[39m                                     [2m | [22m[2msystem-components-system-components-module[22m  [2m | [22m[36m162.62 kB[39m[2m | [22m
[32mwebsrc_app_routes_platforms_platforms_module_ts.js[39m                                                     [2m | [22m[2mplatforms-platforms-module[22m                  [2m | [22m[36m109.54 kB[39m[2m | [22m
[32mwebsrc_app_routes_namespaces_namespaces_module_ts.js[39m                                                   [2m | [22m[2mnamespaces-namespaces-module[22m                [2m | [22m [36m78.39 kB[39m[2m | [22m
[32mdefault-websrc_app_routes_components_quick-filter_quick-filter_module_ts-websrc_app_routes_co-54bea6.js[39m[2m | [22m[2mfederated-policy-federated-policy-module[22m    [2m | [22m [36m77.56 kB[39m[2m | [22m
[32mdefault-websrc_app_routes_components_containers-grid_containers-grid_module_ts.js[39m                      [2m | [22m[2mfederated-policy-federated-policy-module[22m    [2m | [22m [36m63.56 kB[39m[2m | [22m
[32mdefault-websrc_app_routes_components_compliance-grid_compliance-grid-category-cell_compliance-0b1b08.js[39m[2m | [22m[2mnodes-nodes-module[22m                          [2m | [22m [36m27.01 kB[39m[2m | [22m
[32mwebsrc_app_routes_components_quick-filter_quick-filter_module_ts-websrc_app_routes_network-ru-afcfe3.js[39m[2m | [22m[2mnetwork-rules-page-network-rules-page-module[22m[2m | [22m [36m20.63 kB[39m[2m | [22m

54 unchanged chunks

Build at: 2026-04-05T04:03:30.866Z - Hash: 8f057e8b194b50c9 - Time: 9442ms

√ Compiled successfully.

[1mInitial chunk files[22m[2m | [22m[1mNames[22m  [2m | [22m[1mRaw size[22m
[32mmain.js[39m            [2m | [22m[2mmain[22m   [2m | [22m [36m3.41 MB[39m[2m | [22m
[32mruntime.js[39m         [2m | [22m[2mruntime[22m[2m | [22m[36m13.59 kB[39m[2m | [22m

67 unchanged chunks

Build at: 2026-04-05T04:03:39.281Z - Hash: e764d4125162041e - Time: 4327ms

√ Compiled successfully.



69 unchanged chunks

Build at: 2026-04-05T04:03:46.533Z - Hash: e764d4125162041e - Time: 2147ms

√ Compiled successfully.
